
==========================================================================
global route report_tns
--------------------------------------------------------------------------
tns -15.65

==========================================================================
global route report_wns
--------------------------------------------------------------------------
wns -15.65

==========================================================================
global route report_worst_slack
--------------------------------------------------------------------------
worst slack -15.65

==========================================================================
global route report_clock_skew
--------------------------------------------------------------------------
Clock core_clock
 278.54 source latency cs_registers_i.u_dscratch0_csr.rdata_q[24]$_DFFE_PN0P_/CLK ^
-120.14 target latency gen_regfile_ff.register_file_i.rf_reg_q[792]$_DFFE_PN0P_/CLK ^
  -2.41 CRPR
--------------
 155.99 setup skew


==========================================================================
global route report_checks -path_delay min
--------------------------------------------------------------------------
Startpoint: rst_ni (input port clocked by core_clock)
Endpoint: ex_block_i.genblk3.gen_multdiv_fast.multdiv_i.op_quotient_q[28]$_DFFE_PN0P_
          (removal check against rising-edge clock core_clock)
Path Group: asynchronous
Path Type: min

Fanout     Cap    Slew   Delay    Time   Description
-----------------------------------------------------------------------------
                          0.00    0.00   clock core_clock (rise edge)
                          0.00    0.00   clock network delay (propagated)
                        252.00  252.00 ^ input external delay
     1    1.13    0.00    0.00  252.00 ^ rst_ni (in)
                                         rst_ni (net)
                  0.23    0.07  252.07 ^ input147/A (BUFx8_ASAP7_75t_R)
    68   77.88   71.56   18.06  270.13 ^ input147/Y (BUFx8_ASAP7_75t_R)
                                         net197 (net)
                136.57   36.95  307.08 ^ ex_block_i.genblk3.gen_multdiv_fast.multdiv_i.op_quotient_q[28]$_DFFE_PN0P_/SETN (DFFASRHQNx1_ASAP7_75t_R)
                                307.08   data arrival time

                          0.00    0.00   clock core_clock (rise edge)
                          0.00    0.00   clock source latency
     2   14.48    0.00    0.00    0.00 ^ clk_i (in)
                                         clk_i (net)
                 12.01    3.79    3.79 ^ clkbuf_0_clk_i/A (BUFx16f_ASAP7_75t_R)
     1    3.12    5.87   14.91   18.70 ^ clkbuf_0_clk_i/Y (BUFx16f_ASAP7_75t_R)
                                         clknet_0_clk_i (net)
                  5.94    0.46   19.16 ^ clkbuf_1_0__f_clk_i/A (BUFx16f_ASAP7_75t_R)
     1    0.86    4.72   12.58   31.73 ^ clkbuf_1_0__f_clk_i/Y (BUFx16f_ASAP7_75t_R)
                                         clknet_1_0__leaf_clk_i (net)
                  4.72    0.09   31.82 ^ _35046_/A (AND2x2_ASAP7_75t_R)
     1    6.68   29.14   24.77   56.59 ^ _35046_/Y (AND2x2_ASAP7_75t_R)
                                         clk (net)
                 30.09    2.85   59.44 ^ clkbuf_0_clk/A (BUFx16f_ASAP7_75t_R)
     4   19.50   15.79   21.93   81.38 ^ clkbuf_0_clk/Y (BUFx16f_ASAP7_75t_R)
                                         clknet_0_clk (net)
                 18.19    3.20   84.58 ^ clkbuf_2_0_0_clk/A (BUFx24_ASAP7_75t_R)
     9   41.74   25.54   24.47  109.05 ^ clkbuf_2_0_0_clk/Y (BUFx24_ASAP7_75t_R)
                                         clknet_2_0_0_clk (net)
                 32.70    6.95  115.99 ^ clkbuf_leaf_38_clk/A (BUFx24_ASAP7_75t_R)
    19   17.53   13.90   25.99  141.98 ^ clkbuf_leaf_38_clk/Y (BUFx24_ASAP7_75t_R)
                                         clknet_leaf_38_clk (net)
                 14.81    1.81  143.78 ^ ex_block_i.genblk3.gen_multdiv_fast.multdiv_i.op_quotient_q[28]$_DFFE_PN0P_/CLK (DFFASRHQNx1_ASAP7_75t_R)
                          0.00  143.78   clock reconvergence pessimism
                         13.87  157.65   library removal time
                                157.65   data required time
-----------------------------------------------------------------------------
                                157.65   data required time
                               -307.08   data arrival time
-----------------------------------------------------------------------------
                                149.43   slack (MET)


Startpoint: gen_regfile_ff.register_file_i.rf_reg_q[168]$_DFFE_PN0P_
            (rising edge-triggered flip-flop clocked by core_clock)
Endpoint: gen_regfile_ff.register_file_i.rf_reg_q[168]$_DFFE_PN0P_
          (rising edge-triggered flip-flop clocked by core_clock)
Path Group: core_clock
Path Type: min

Fanout     Cap    Slew   Delay    Time   Description
-----------------------------------------------------------------------------
                          0.00    0.00   clock core_clock (rise edge)
                          0.00    0.00   clock source latency
     2   13.16    0.00    0.00    0.00 ^ clk_i (in)
                                         clk_i (net)
                  9.05    2.86    2.86 ^ clkbuf_regs_0_core_clock/A (BUFx16f_ASAP7_75t_R)
     1    2.42    5.48   13.89   16.75 ^ clkbuf_regs_0_core_clock/Y (BUFx16f_ASAP7_75t_R)
                                         delaynet_0_core_clock (net)
                  5.50    0.33   17.08 ^ delaybuf_0_core_clock/A (BUFx16f_ASAP7_75t_R)
     1    2.24    5.37   12.75   29.83 ^ delaybuf_0_core_clock/Y (BUFx16f_ASAP7_75t_R)
                                         delaynet_1_core_clock (net)
                  5.39    0.26   30.09 ^ delaybuf_1_core_clock/A (BUFx16f_ASAP7_75t_R)
     1    2.16    5.34   12.70   42.79 ^ delaybuf_1_core_clock/Y (BUFx16f_ASAP7_75t_R)
                                         delaynet_2_core_clock (net)
                  5.35    0.23   43.02 ^ delaybuf_2_core_clock/A (BUFx16f_ASAP7_75t_R)
     1    2.49    5.49   12.75   55.77 ^ delaybuf_2_core_clock/Y (BUFx16f_ASAP7_75t_R)
                                         clk_i_regs (net)
                  5.53    0.37   56.15 ^ clkbuf_0_clk_i_regs/A (BUFx16f_ASAP7_75t_R)
     4   14.64   12.33   14.85   70.99 ^ clkbuf_0_clk_i_regs/Y (BUFx16f_ASAP7_75t_R)
                                         clknet_0_clk_i_regs (net)
                 14.38    2.61   73.61 ^ clkbuf_2_2__f_clk_i_regs/A (BUFx16f_ASAP7_75t_R)
    11   32.90   21.90   19.93   93.54 ^ clkbuf_2_2__f_clk_i_regs/Y (BUFx16f_ASAP7_75t_R)
                                         clknet_2_2__leaf_clk_i_regs (net)
                 26.82    5.28   98.82 ^ clkbuf_leaf_13_clk_i_regs/A (BUFx24_ASAP7_75t_R)
    26   14.52   12.29   24.10  122.91 ^ clkbuf_leaf_13_clk_i_regs/Y (BUFx24_ASAP7_75t_R)
                                         clknet_leaf_13_clk_i_regs (net)
                 13.32    1.82  124.73 ^ gen_regfile_ff.register_file_i.rf_reg_q[168]$_DFFE_PN0P_/CLK (DFFASRHQNx1_ASAP7_75t_R)
     2    1.70   20.08   43.94  168.67 ^ gen_regfile_ff.register_file_i.rf_reg_q[168]$_DFFE_PN0P_/QN (DFFASRHQNx1_ASAP7_75t_R)
                                         _00667_ (net)
                 20.08    0.08  168.75 ^ _29815_/A1 (OAI21x1_ASAP7_75t_R)
     1    0.62    6.21    7.29  176.04 v _29815_/Y (OAI21x1_ASAP7_75t_R)
                                         _02933_ (net)
                  6.21    0.03  176.07 v gen_regfile_ff.register_file_i.rf_reg_q[168]$_DFFE_PN0P_/D (DFFASRHQNx1_ASAP7_75t_R)
                                176.07   data arrival time

                          0.00    0.00   clock core_clock (rise edge)
                          0.00    0.00   clock source latency
     2   14.48    0.00    0.00    0.00 ^ clk_i (in)
                                         clk_i (net)
                 10.27    3.24    3.24 ^ clkbuf_regs_0_core_clock/A (BUFx16f_ASAP7_75t_R)
     1    3.08    5.80   14.40   17.64 ^ clkbuf_regs_0_core_clock/Y (BUFx16f_ASAP7_75t_R)
                                         delaynet_0_core_clock (net)
                  5.85    0.43   18.08 ^ delaybuf_0_core_clock/A (BUFx16f_ASAP7_75t_R)
     1    2.90    5.68   13.00   31.08 ^ delaybuf_0_core_clock/Y (BUFx16f_ASAP7_75t_R)
                                         delaynet_1_core_clock (net)
                  5.71    0.34   31.42 ^ delaybuf_1_core_clock/A (BUFx16f_ASAP7_75t_R)
     1    2.82    5.65   12.95   44.37 ^ delaybuf_1_core_clock/Y (BUFx16f_ASAP7_75t_R)
                                         delaynet_2_core_clock (net)
                  5.67    0.30   44.67 ^ delaybuf_2_core_clock/A (BUFx16f_ASAP7_75t_R)
     1    3.15    5.80   12.99   57.66 ^ delaybuf_2_core_clock/Y (BUFx16f_ASAP7_75t_R)
                                         clk_i_regs (net)
                  5.89    0.48   58.14 ^ clkbuf_0_clk_i_regs/A (BUFx16f_ASAP7_75t_R)
     4   17.28   13.97   15.29   73.43 ^ clkbuf_0_clk_i_regs/Y (BUFx16f_ASAP7_75t_R)
                                         clknet_0_clk_i_regs (net)
                 16.56    3.12   76.55 ^ clkbuf_2_2__f_clk_i_regs/A (BUFx16f_ASAP7_75t_R)
    11   40.25   25.96   21.42   97.97 ^ clkbuf_2_2__f_clk_i_regs/Y (BUFx16f_ASAP7_75t_R)
                                         clknet_2_2__leaf_clk_i_regs (net)
                 32.11    6.41  104.38 ^ clkbuf_leaf_13_clk_i_regs/A (BUFx24_ASAP7_75t_R)
    26   17.74   13.95   25.89  130.27 ^ clkbuf_leaf_13_clk_i_regs/Y (BUFx24_ASAP7_75t_R)
                                         clknet_leaf_13_clk_i_regs (net)
                 15.27    2.21  132.48 ^ gen_regfile_ff.register_file_i.rf_reg_q[168]$_DFFE_PN0P_/CLK (DFFASRHQNx1_ASAP7_75t_R)
                         -7.35  125.13   clock reconvergence pessimism
                         13.06  138.19   library hold time
                                138.19   data required time
-----------------------------------------------------------------------------
                                138.19   data required time
                               -176.07   data arrival time
-----------------------------------------------------------------------------
                                 37.88   slack (MET)



==========================================================================
global route report_checks -path_delay max
--------------------------------------------------------------------------
Startpoint: rst_ni (input port clocked by core_clock)
Endpoint: gen_regfile_ff.register_file_i.rf_reg_q[387]$_DFFE_PN0P_
          (recovery check against rising-edge clock core_clock)
Path Group: asynchronous
Path Type: max

Fanout     Cap    Slew   Delay    Time   Description
-----------------------------------------------------------------------------
                          0.00    0.00   clock core_clock (rise edge)
                          0.00    0.00   clock network delay (propagated)
                        252.00  252.00 ^ input external delay
     1    1.33    0.00    0.00  252.00 ^ rst_ni (in)
                                         rst_ni (net)
                  0.28    0.09  252.09 ^ input147/A (BUFx8_ASAP7_75t_R)
    68   95.85   86.21   18.45  270.54 ^ input147/Y (BUFx8_ASAP7_75t_R)
                                         net197 (net)
                167.92   45.81  316.35 ^ load_slew52/A (BUFx24_ASAP7_75t_R)
    78  107.80   44.11   48.05  364.40 ^ load_slew52/Y (BUFx24_ASAP7_75t_R)
                                         net74 (net)
                151.46   46.12  410.52 ^ load_slew44/A (BUFx24_ASAP7_75t_R)
    72  105.25   30.63   43.67  454.19 ^ load_slew44/Y (BUFx24_ASAP7_75t_R)
                                         net66 (net)
                197.70   61.61  515.80 ^ load_slew43/A (BUFx16f_ASAP7_75t_R)
    65   90.33   46.68   42.29  558.09 ^ load_slew43/Y (BUFx16f_ASAP7_75t_R)
                                         net65 (net)
                 56.52    9.56  567.65 ^ load_slew42/A (BUFx24_ASAP7_75t_R)
    76  107.24   21.48   32.61  600.26 ^ load_slew42/Y (BUFx24_ASAP7_75t_R)
                                         net64 (net)
                255.82   81.26  681.52 ^ load_slew41/A (BUFx16f_ASAP7_75t_R)
    73  102.61   61.41   48.61  730.12 ^ load_slew41/Y (BUFx16f_ASAP7_75t_R)
                                         net63 (net)
                104.03   28.12  758.24 ^ load_slew39/A (BUFx16f_ASAP7_75t_R)
    68   90.22   53.30   35.93  794.17 ^ load_slew39/Y (BUFx16f_ASAP7_75t_R)
                                         net61 (net)
                102.42   29.78  823.95 ^ gen_regfile_ff.register_file_i.rf_reg_q[387]$_DFFE_PN0P_/SETN (DFFASRHQNx1_ASAP7_75t_R)
                                823.95   data arrival time

                       1260.00 1260.00   clock core_clock (rise edge)
                          0.00 1260.00   clock source latency
     2   13.16    0.00    0.00 1260.00 ^ clk_i (in)
                                         clk_i (net)
                  9.05    2.86 1262.86 ^ clkbuf_regs_0_core_clock/A (BUFx16f_ASAP7_75t_R)
     1    2.42    5.48   13.89 1276.75 ^ clkbuf_regs_0_core_clock/Y (BUFx16f_ASAP7_75t_R)
                                         delaynet_0_core_clock (net)
                  5.50    0.33 1277.08 ^ delaybuf_0_core_clock/A (BUFx16f_ASAP7_75t_R)
     1    2.24    5.37   12.75 1289.83 ^ delaybuf_0_core_clock/Y (BUFx16f_ASAP7_75t_R)
                                         delaynet_1_core_clock (net)
                  5.39    0.26 1290.09 ^ delaybuf_1_core_clock/A (BUFx16f_ASAP7_75t_R)
     1    2.16    5.34   12.70 1302.79 ^ delaybuf_1_core_clock/Y (BUFx16f_ASAP7_75t_R)
                                         delaynet_2_core_clock (net)
                  5.35    0.23 1303.02 ^ delaybuf_2_core_clock/A (BUFx16f_ASAP7_75t_R)
     1    2.49    5.49   12.75 1315.77 ^ delaybuf_2_core_clock/Y (BUFx16f_ASAP7_75t_R)
                                         clk_i_regs (net)
                  5.53    0.37 1316.15 ^ clkbuf_0_clk_i_regs/A (BUFx16f_ASAP7_75t_R)
     4   14.64   12.33   14.85 1330.99 ^ clkbuf_0_clk_i_regs/Y (BUFx16f_ASAP7_75t_R)
                                         clknet_0_clk_i_regs (net)
                 14.38    2.61 1333.61 ^ clkbuf_2_2__f_clk_i_regs/A (BUFx16f_ASAP7_75t_R)
    11   32.90   21.90   19.93 1353.54 ^ clkbuf_2_2__f_clk_i_regs/Y (BUFx16f_ASAP7_75t_R)
                                         clknet_2_2__leaf_clk_i_regs (net)
                 28.08    5.94 1359.48 ^ clkbuf_leaf_15_clk_i_regs/A (BUFx24_ASAP7_75t_R)
    14   12.15   11.23   23.85 1383.32 ^ clkbuf_leaf_15_clk_i_regs/Y (BUFx24_ASAP7_75t_R)
                                         clknet_leaf_15_clk_i_regs (net)
                 11.58    0.86 1384.18 ^ gen_regfile_ff.register_file_i.rf_reg_q[387]$_DFFE_PN0P_/CLK (DFFASRHQNx1_ASAP7_75t_R)
                          0.00 1384.18   clock reconvergence pessimism
                         -6.11 1378.08   library recovery time
                               1378.08   data required time
-----------------------------------------------------------------------------
                               1378.08   data required time
                               -823.95   data arrival time
-----------------------------------------------------------------------------
                                554.13   slack (MET)


Startpoint: if_stage_i.instr_rdata_alu_id_o[5]$_DFFE_PN_
            (rising edge-triggered flip-flop clocked by core_clock)
Endpoint: instr_addr_o[31] (output port clocked by core_clock)
Path Group: core_clock
Path Type: max

Fanout     Cap    Slew   Delay    Time   Description
-----------------------------------------------------------------------------
                          0.00    0.00   clock core_clock (rise edge)
                          0.00    0.00   clock source latency
     2   14.48    0.00    0.00    0.00 ^ clk_i (in)
                                         clk_i (net)
                 12.01    3.79    3.79 ^ clkbuf_0_clk_i/A (BUFx16f_ASAP7_75t_R)
     1    3.12    5.87   14.91   18.70 ^ clkbuf_0_clk_i/Y (BUFx16f_ASAP7_75t_R)
                                         clknet_0_clk_i (net)
                  5.94    0.46   19.16 ^ clkbuf_1_0__f_clk_i/A (BUFx16f_ASAP7_75t_R)
     1    0.86    4.72   12.58   31.73 ^ clkbuf_1_0__f_clk_i/Y (BUFx16f_ASAP7_75t_R)
                                         clknet_1_0__leaf_clk_i (net)
                  4.72    0.09   31.82 ^ _35046_/A (AND2x2_ASAP7_75t_R)
     1    6.68   29.14   24.77   56.59 ^ _35046_/Y (AND2x2_ASAP7_75t_R)
                                         clk (net)
                 30.09    2.85   59.44 ^ clkbuf_0_clk/A (BUFx16f_ASAP7_75t_R)
     4   19.50   15.79   21.93   81.38 ^ clkbuf_0_clk/Y (BUFx16f_ASAP7_75t_R)
                                         clknet_0_clk (net)
                 18.77    3.57   84.94 ^ clkbuf_2_2_0_clk/A (BUFx24_ASAP7_75t_R)
    14   49.81   27.68   25.73  110.67 ^ clkbuf_2_2_0_clk/Y (BUFx24_ASAP7_75t_R)
                                         clknet_2_2_0_clk (net)
                 31.10    4.96  115.64 ^ clkbuf_leaf_7_clk/A (BUFx24_ASAP7_75t_R)
    24   16.17   13.04   25.57  141.20 ^ clkbuf_leaf_7_clk/Y (BUFx24_ASAP7_75t_R)
                                         clknet_leaf_7_clk (net)
                 13.42    1.14  142.35 ^ if_stage_i.instr_rdata_alu_id_o[5]$_DFFE_PN_/CLK (DFFHQNx2_ASAP7_75t_R)
     2    2.50   18.80   44.62  186.96 ^ if_stage_i.instr_rdata_alu_id_o[5]$_DFFE_PN_/QN (DFFHQNx2_ASAP7_75t_R)
                                         _00024_ (net)
                 18.80    0.10  187.07 ^ _19099_/A (BUFx6f_ASAP7_75t_R)
     5    8.06   12.36   17.44  204.51 ^ _19099_/Y (BUFx6f_ASAP7_75t_R)
                                         _13370_ (net)
                 12.47    0.67  205.18 ^ _19103_/A (BUFx12f_ASAP7_75t_R)
     5    5.60    7.13   13.67  218.86 ^ _19103_/Y (BUFx12f_ASAP7_75t_R)
                                         _13374_ (net)
                  7.22    0.42  219.27 ^ _19288_/A (AND3x1_ASAP7_75t_R)
     1    0.87   11.54   19.64  238.91 ^ _19288_/Y (AND3x1_ASAP7_75t_R)
                                         _13558_ (net)
                 11.54    0.08  238.99 ^ _19289_/A (AND4x2_ASAP7_75t_R)
     5    6.08   31.35   39.18  278.17 ^ _19289_/Y (AND4x2_ASAP7_75t_R)
                                         _13559_ (net)
                 31.63    1.64  279.81 ^ _19311_/B (AND2x4_ASAP7_75t_R)
     2    1.82    8.23   21.89  301.70 ^ _19311_/Y (AND2x4_ASAP7_75t_R)
                                         _13581_ (net)
                  8.23    0.10  301.80 ^ _19312_/C (AND3x1_ASAP7_75t_R)
     1    0.76   10.68   20.39  322.19 ^ _19312_/Y (AND3x1_ASAP7_75t_R)
                                         _13582_ (net)
                 10.68    0.05  322.24 ^ _19313_/B1 (OA22x2_ASAP7_75t_R)
     1    1.18    7.91   17.51  339.74 ^ _19313_/Y (OA22x2_ASAP7_75t_R)
                                         _13583_ (net)
                  7.92    0.12  339.86 ^ _19331_/B1 (AOI221x1_ASAP7_75t_R)
     2    1.81   27.53   15.55  355.41 v _19331_/Y (AOI221x1_ASAP7_75t_R)
                                         _18777_ (net)
                 27.53    0.24  355.65 v _19332_/A (INVx1_ASAP7_75t_R)
     2    2.19   19.93   15.60  371.26 ^ _19332_/Y (INVx1_ASAP7_75t_R)
                                         _18781_ (net)
                 19.94    0.11  371.36 ^ _35674_/A (HAxp5_ASAP7_75t_R)
     4    3.53   45.68   26.39  397.75 v _35674_/CON (HAxp5_ASAP7_75t_R)
                                         _00406_ (net)
                 45.68    0.24  398.00 v _20694_/A (OR4x2_ASAP7_75t_R)
     3    4.04   23.49   49.73  447.73 v _20694_/Y (OR4x2_ASAP7_75t_R)
                                         _14914_ (net)
                 23.76    1.38  449.11 v _20701_/A2 (AO32x1_ASAP7_75t_R)
     2    2.44   17.43   29.66  478.77 v _20701_/Y (AO32x1_ASAP7_75t_R)
                                         _14921_ (net)
                 17.43    0.08  478.85 v _20702_/A (BUFx6f_ASAP7_75t_R)
     6   11.82   15.15   18.91  497.76 v _20702_/Y (BUFx6f_ASAP7_75t_R)
                                         _14922_ (net)
                 16.48    2.38  500.14 v _24913_/A (BUFx12f_ASAP7_75t_R)
     5    9.09    8.90   16.49  516.63 v _24913_/Y (BUFx12f_ASAP7_75t_R)
                                         _05562_ (net)
                  9.07    0.68  517.31 v _24914_/B (XNOR2x1_ASAP7_75t_R)
     1    0.60    9.42   15.72  533.03 v _24914_/Y (XNOR2x1_ASAP7_75t_R)
                                         _05563_ (net)
                  9.42    0.03  533.06 v _24915_/A (AND2x2_ASAP7_75t_R)
     1    0.80    6.37   17.08  550.14 v _24915_/Y (AND2x2_ASAP7_75t_R)
                                         _05564_ (net)
                  6.37    0.05  550.18 v _24916_/B (AO21x1_ASAP7_75t_R)
     1    1.83   12.82   18.38  568.56 v _24916_/Y (AO21x1_ASAP7_75t_R)
                                         _18794_ (net)
                 12.84    0.29  568.85 v _35681_/A (HAxp5_ASAP7_75t_R)
     3    2.49   52.34   46.61  615.45 v _35681_/SN (HAxp5_ASAP7_75t_R)
                                         _00805_ (net)
                 52.35    0.27  615.73 v _21272_/A (OR4x2_ASAP7_75t_R)
     5    3.96   22.92   51.58  667.30 v _21272_/Y (OR4x2_ASAP7_75t_R)
                                         _15471_ (net)
                 22.92    0.11  667.42 v _21273_/B (AO21x1_ASAP7_75t_R)
     3    2.59   17.20   23.78  691.20 v _21273_/Y (AO21x1_ASAP7_75t_R)
                                         _15472_ (net)
                 17.22    0.30  691.50 v _22088_/A (OR4x1_ASAP7_75t_R)
     1    0.77   11.66   28.95  720.45 v _22088_/Y (OR4x1_ASAP7_75t_R)
                                         _16265_ (net)
                 11.67    0.08  720.53 v _22090_/A2 (AO32x2_ASAP7_75t_R)
     4    3.61   16.34   30.71  751.24 v _22090_/Y (AO32x2_ASAP7_75t_R)
                                         _16267_ (net)
                 16.36    0.32  751.55 v _23340_/A2 (AO21x1_ASAP7_75t_R)
     2    1.86   12.94   19.74  771.29 v _23340_/Y (AO21x1_ASAP7_75t_R)
                                         _04395_ (net)
                 12.96    0.22  771.51 v _23857_/B (AND4x1_ASAP7_75t_R)
     2    1.76   13.19   18.13  789.64 v _23857_/Y (AND4x1_ASAP7_75t_R)
                                         _04896_ (net)
                 13.20    0.14  789.78 v _23860_/C (AO221x2_ASAP7_75t_R)
     5    4.60   20.56   32.61  822.40 v _23860_/Y (AO221x2_ASAP7_75t_R)
                                         _04899_ (net)
                 20.82    1.30  823.70 v _23869_/A (OR4x2_ASAP7_75t_R)
     5    7.62   34.24   49.02  872.72 v _23869_/Y (OR4x2_ASAP7_75t_R)
                                         _04908_ (net)
                 34.33    1.00  873.72 v _23870_/B (NAND2x2_ASAP7_75t_R)
     7   14.20   58.15   36.59  910.31 ^ _23870_/Y (NAND2x2_ASAP7_75t_R)
                                         alu_adder_result_ex[31] (net)
                 58.73    3.26  913.57 ^ _32936_/A2 (AO221x2_ASAP7_75t_R)
     1    3.58   18.56   36.75  950.32 ^ _32936_/Y (AO221x2_ASAP7_75t_R)
                                         _11902_ (net)
                 18.74    1.01  951.33 ^ _32937_/A (NAND2x2_ASAP7_75t_R)
     3    3.47   14.31   11.56  962.89 v _32937_/Y (NAND2x2_ASAP7_75t_R)
                                         _11903_ (net)
                 14.34    0.41  963.30 v _32938_/B (OA21x2_ASAP7_75t_R)
     2    3.10   12.48   17.80  981.10 v _32938_/Y (OA21x2_ASAP7_75t_R)
                                         _11904_ (net)
                 12.51    0.29  981.39 v _33724_/A (NAND2x1_ASAP7_75t_R)
     1    0.91   12.78   11.93  993.32 ^ _33724_/Y (NAND2x1_ASAP7_75t_R)
                                         _12508_ (net)
                 12.78    0.09  993.41 ^ _33725_/B (OA21x2_ASAP7_75t_R)
     2    1.75    9.71   18.14 1011.55 ^ _33725_/Y (OA21x2_ASAP7_75t_R)
                                         net290 (net)
                  9.72    0.16 1011.71 ^ output240/A (BUFx3_ASAP7_75t_R)
     1    0.44    4.48   11.90 1023.61 ^ output240/Y (BUFx3_ASAP7_75t_R)
                                         instr_addr_o[31] (net)
                  4.48    0.04 1023.65 ^ instr_addr_o[31] (out)
                               1023.65   data arrival time

                       1260.00 1260.00   clock core_clock (rise edge)
                          0.00 1260.00   clock network delay (propagated)
                          0.00 1260.00   clock reconvergence pessimism
                       -252.00 1008.00   output external delay
                               1008.00   data required time
-----------------------------------------------------------------------------
                               1008.00   data required time
                               -1023.65   data arrival time
-----------------------------------------------------------------------------
                                -15.65   slack (VIOLATED)



==========================================================================
global route report_checks -unconstrained
--------------------------------------------------------------------------
Startpoint: rst_ni (input port clocked by core_clock)
Endpoint: gen_regfile_ff.register_file_i.rf_reg_q[387]$_DFFE_PN0P_
          (recovery check against rising-edge clock core_clock)
Path Group: asynchronous
Path Type: max

Fanout     Cap    Slew   Delay    Time   Description
-----------------------------------------------------------------------------
                          0.00    0.00   clock core_clock (rise edge)
                          0.00    0.00   clock network delay (propagated)
                        252.00  252.00 ^ input external delay
     1    1.33    0.00    0.00  252.00 ^ rst_ni (in)
                                         rst_ni (net)
                  0.28    0.09  252.09 ^ input147/A (BUFx8_ASAP7_75t_R)
    68   95.85   86.21   18.45  270.54 ^ input147/Y (BUFx8_ASAP7_75t_R)
                                         net197 (net)
                167.92   45.81  316.35 ^ load_slew52/A (BUFx24_ASAP7_75t_R)
    78  107.80   44.11   48.05  364.40 ^ load_slew52/Y (BUFx24_ASAP7_75t_R)
                                         net74 (net)
                151.46   46.12  410.52 ^ load_slew44/A (BUFx24_ASAP7_75t_R)
    72  105.25   30.63   43.67  454.19 ^ load_slew44/Y (BUFx24_ASAP7_75t_R)
                                         net66 (net)
                197.70   61.61  515.80 ^ load_slew43/A (BUFx16f_ASAP7_75t_R)
    65   90.33   46.68   42.29  558.09 ^ load_slew43/Y (BUFx16f_ASAP7_75t_R)
                                         net65 (net)
                 56.52    9.56  567.65 ^ load_slew42/A (BUFx24_ASAP7_75t_R)
    76  107.24   21.48   32.61  600.26 ^ load_slew42/Y (BUFx24_ASAP7_75t_R)
                                         net64 (net)
                255.82   81.26  681.52 ^ load_slew41/A (BUFx16f_ASAP7_75t_R)
    73  102.61   61.41   48.61  730.12 ^ load_slew41/Y (BUFx16f_ASAP7_75t_R)
                                         net63 (net)
                104.03   28.12  758.24 ^ load_slew39/A (BUFx16f_ASAP7_75t_R)
    68   90.22   53.30   35.93  794.17 ^ load_slew39/Y (BUFx16f_ASAP7_75t_R)
                                         net61 (net)
                102.42   29.78  823.95 ^ gen_regfile_ff.register_file_i.rf_reg_q[387]$_DFFE_PN0P_/SETN (DFFASRHQNx1_ASAP7_75t_R)
                                823.95   data arrival time

                       1260.00 1260.00   clock core_clock (rise edge)
                          0.00 1260.00   clock source latency
     2   13.16    0.00    0.00 1260.00 ^ clk_i (in)
                                         clk_i (net)
                  9.05    2.86 1262.86 ^ clkbuf_regs_0_core_clock/A (BUFx16f_ASAP7_75t_R)
     1    2.42    5.48   13.89 1276.75 ^ clkbuf_regs_0_core_clock/Y (BUFx16f_ASAP7_75t_R)
                                         delaynet_0_core_clock (net)
                  5.50    0.33 1277.08 ^ delaybuf_0_core_clock/A (BUFx16f_ASAP7_75t_R)
     1    2.24    5.37   12.75 1289.83 ^ delaybuf_0_core_clock/Y (BUFx16f_ASAP7_75t_R)
                                         delaynet_1_core_clock (net)
                  5.39    0.26 1290.09 ^ delaybuf_1_core_clock/A (BUFx16f_ASAP7_75t_R)
     1    2.16    5.34   12.70 1302.79 ^ delaybuf_1_core_clock/Y (BUFx16f_ASAP7_75t_R)
                                         delaynet_2_core_clock (net)
                  5.35    0.23 1303.02 ^ delaybuf_2_core_clock/A (BUFx16f_ASAP7_75t_R)
     1    2.49    5.49   12.75 1315.77 ^ delaybuf_2_core_clock/Y (BUFx16f_ASAP7_75t_R)
                                         clk_i_regs (net)
                  5.53    0.37 1316.15 ^ clkbuf_0_clk_i_regs/A (BUFx16f_ASAP7_75t_R)
     4   14.64   12.33   14.85 1330.99 ^ clkbuf_0_clk_i_regs/Y (BUFx16f_ASAP7_75t_R)
                                         clknet_0_clk_i_regs (net)
                 14.38    2.61 1333.61 ^ clkbuf_2_2__f_clk_i_regs/A (BUFx16f_ASAP7_75t_R)
    11   32.90   21.90   19.93 1353.54 ^ clkbuf_2_2__f_clk_i_regs/Y (BUFx16f_ASAP7_75t_R)
                                         clknet_2_2__leaf_clk_i_regs (net)
                 28.08    5.94 1359.48 ^ clkbuf_leaf_15_clk_i_regs/A (BUFx24_ASAP7_75t_R)
    14   12.15   11.23   23.85 1383.32 ^ clkbuf_leaf_15_clk_i_regs/Y (BUFx24_ASAP7_75t_R)
                                         clknet_leaf_15_clk_i_regs (net)
                 11.58    0.86 1384.18 ^ gen_regfile_ff.register_file_i.rf_reg_q[387]$_DFFE_PN0P_/CLK (DFFASRHQNx1_ASAP7_75t_R)
                          0.00 1384.18   clock reconvergence pessimism
                         -6.11 1378.08   library recovery time
                               1378.08   data required time
-----------------------------------------------------------------------------
                               1378.08   data required time
                               -823.95   data arrival time
-----------------------------------------------------------------------------
                                554.13   slack (MET)


Startpoint: if_stage_i.instr_rdata_alu_id_o[5]$_DFFE_PN_
            (rising edge-triggered flip-flop clocked by core_clock)
Endpoint: instr_addr_o[31] (output port clocked by core_clock)
Path Group: core_clock
Path Type: max

Fanout     Cap    Slew   Delay    Time   Description
-----------------------------------------------------------------------------
                          0.00    0.00   clock core_clock (rise edge)
                          0.00    0.00   clock source latency
     2   14.48    0.00    0.00    0.00 ^ clk_i (in)
                                         clk_i (net)
                 12.01    3.79    3.79 ^ clkbuf_0_clk_i/A (BUFx16f_ASAP7_75t_R)
     1    3.12    5.87   14.91   18.70 ^ clkbuf_0_clk_i/Y (BUFx16f_ASAP7_75t_R)
                                         clknet_0_clk_i (net)
                  5.94    0.46   19.16 ^ clkbuf_1_0__f_clk_i/A (BUFx16f_ASAP7_75t_R)
     1    0.86    4.72   12.58   31.73 ^ clkbuf_1_0__f_clk_i/Y (BUFx16f_ASAP7_75t_R)
                                         clknet_1_0__leaf_clk_i (net)
                  4.72    0.09   31.82 ^ _35046_/A (AND2x2_ASAP7_75t_R)
     1    6.68   29.14   24.77   56.59 ^ _35046_/Y (AND2x2_ASAP7_75t_R)
                                         clk (net)
                 30.09    2.85   59.44 ^ clkbuf_0_clk/A (BUFx16f_ASAP7_75t_R)
     4   19.50   15.79   21.93   81.38 ^ clkbuf_0_clk/Y (BUFx16f_ASAP7_75t_R)
                                         clknet_0_clk (net)
                 18.77    3.57   84.94 ^ clkbuf_2_2_0_clk/A (BUFx24_ASAP7_75t_R)
    14   49.81   27.68   25.73  110.67 ^ clkbuf_2_2_0_clk/Y (BUFx24_ASAP7_75t_R)
                                         clknet_2_2_0_clk (net)
                 31.10    4.96  115.64 ^ clkbuf_leaf_7_clk/A (BUFx24_ASAP7_75t_R)
    24   16.17   13.04   25.57  141.20 ^ clkbuf_leaf_7_clk/Y (BUFx24_ASAP7_75t_R)
                                         clknet_leaf_7_clk (net)
                 13.42    1.14  142.35 ^ if_stage_i.instr_rdata_alu_id_o[5]$_DFFE_PN_/CLK (DFFHQNx2_ASAP7_75t_R)
     2    2.50   18.80   44.62  186.96 ^ if_stage_i.instr_rdata_alu_id_o[5]$_DFFE_PN_/QN (DFFHQNx2_ASAP7_75t_R)
                                         _00024_ (net)
                 18.80    0.10  187.07 ^ _19099_/A (BUFx6f_ASAP7_75t_R)
     5    8.06   12.36   17.44  204.51 ^ _19099_/Y (BUFx6f_ASAP7_75t_R)
                                         _13370_ (net)
                 12.47    0.67  205.18 ^ _19103_/A (BUFx12f_ASAP7_75t_R)
     5    5.60    7.13   13.67  218.86 ^ _19103_/Y (BUFx12f_ASAP7_75t_R)
                                         _13374_ (net)
                  7.22    0.42  219.27 ^ _19288_/A (AND3x1_ASAP7_75t_R)
     1    0.87   11.54   19.64  238.91 ^ _19288_/Y (AND3x1_ASAP7_75t_R)
                                         _13558_ (net)
                 11.54    0.08  238.99 ^ _19289_/A (AND4x2_ASAP7_75t_R)
     5    6.08   31.35   39.18  278.17 ^ _19289_/Y (AND4x2_ASAP7_75t_R)
                                         _13559_ (net)
                 31.63    1.64  279.81 ^ _19311_/B (AND2x4_ASAP7_75t_R)
     2    1.82    8.23   21.89  301.70 ^ _19311_/Y (AND2x4_ASAP7_75t_R)
                                         _13581_ (net)
                  8.23    0.10  301.80 ^ _19312_/C (AND3x1_ASAP7_75t_R)
     1    0.76   10.68   20.39  322.19 ^ _19312_/Y (AND3x1_ASAP7_75t_R)
                                         _13582_ (net)
                 10.68    0.05  322.24 ^ _19313_/B1 (OA22x2_ASAP7_75t_R)
     1    1.18    7.91   17.51  339.74 ^ _19313_/Y (OA22x2_ASAP7_75t_R)
                                         _13583_ (net)
                  7.92    0.12  339.86 ^ _19331_/B1 (AOI221x1_ASAP7_75t_R)
     2    1.81   27.53   15.55  355.41 v _19331_/Y (AOI221x1_ASAP7_75t_R)
                                         _18777_ (net)
                 27.53    0.24  355.65 v _19332_/A (INVx1_ASAP7_75t_R)
     2    2.19   19.93   15.60  371.26 ^ _19332_/Y (INVx1_ASAP7_75t_R)
                                         _18781_ (net)
                 19.94    0.11  371.36 ^ _35674_/A (HAxp5_ASAP7_75t_R)
     4    3.53   45.68   26.39  397.75 v _35674_/CON (HAxp5_ASAP7_75t_R)
                                         _00406_ (net)
                 45.68    0.24  398.00 v _20694_/A (OR4x2_ASAP7_75t_R)
     3    4.04   23.49   49.73  447.73 v _20694_/Y (OR4x2_ASAP7_75t_R)
                                         _14914_ (net)
                 23.76    1.38  449.11 v _20701_/A2 (AO32x1_ASAP7_75t_R)
     2    2.44   17.43   29.66  478.77 v _20701_/Y (AO32x1_ASAP7_75t_R)
                                         _14921_ (net)
                 17.43    0.08  478.85 v _20702_/A (BUFx6f_ASAP7_75t_R)
     6   11.82   15.15   18.91  497.76 v _20702_/Y (BUFx6f_ASAP7_75t_R)
                                         _14922_ (net)
                 16.48    2.38  500.14 v _24913_/A (BUFx12f_ASAP7_75t_R)
     5    9.09    8.90   16.49  516.63 v _24913_/Y (BUFx12f_ASAP7_75t_R)
                                         _05562_ (net)
                  9.07    0.68  517.31 v _24914_/B (XNOR2x1_ASAP7_75t_R)
     1    0.60    9.42   15.72  533.03 v _24914_/Y (XNOR2x1_ASAP7_75t_R)
                                         _05563_ (net)
                  9.42    0.03  533.06 v _24915_/A (AND2x2_ASAP7_75t_R)
     1    0.80    6.37   17.08  550.14 v _24915_/Y (AND2x2_ASAP7_75t_R)
                                         _05564_ (net)
                  6.37    0.05  550.18 v _24916_/B (AO21x1_ASAP7_75t_R)
     1    1.83   12.82   18.38  568.56 v _24916_/Y (AO21x1_ASAP7_75t_R)
                                         _18794_ (net)
                 12.84    0.29  568.85 v _35681_/A (HAxp5_ASAP7_75t_R)
     3    2.49   52.34   46.61  615.45 v _35681_/SN (HAxp5_ASAP7_75t_R)
                                         _00805_ (net)
                 52.35    0.27  615.73 v _21272_/A (OR4x2_ASAP7_75t_R)
     5    3.96   22.92   51.58  667.30 v _21272_/Y (OR4x2_ASAP7_75t_R)
                                         _15471_ (net)
                 22.92    0.11  667.42 v _21273_/B (AO21x1_ASAP7_75t_R)
     3    2.59   17.20   23.78  691.20 v _21273_/Y (AO21x1_ASAP7_75t_R)
                                         _15472_ (net)
                 17.22    0.30  691.50 v _22088_/A (OR4x1_ASAP7_75t_R)
     1    0.77   11.66   28.95  720.45 v _22088_/Y (OR4x1_ASAP7_75t_R)
                                         _16265_ (net)
                 11.67    0.08  720.53 v _22090_/A2 (AO32x2_ASAP7_75t_R)
     4    3.61   16.34   30.71  751.24 v _22090_/Y (AO32x2_ASAP7_75t_R)
                                         _16267_ (net)
                 16.36    0.32  751.55 v _23340_/A2 (AO21x1_ASAP7_75t_R)
     2    1.86   12.94   19.74  771.29 v _23340_/Y (AO21x1_ASAP7_75t_R)
                                         _04395_ (net)
                 12.96    0.22  771.51 v _23857_/B (AND4x1_ASAP7_75t_R)
     2    1.76   13.19   18.13  789.64 v _23857_/Y (AND4x1_ASAP7_75t_R)
                                         _04896_ (net)
                 13.20    0.14  789.78 v _23860_/C (AO221x2_ASAP7_75t_R)
     5    4.60   20.56   32.61  822.40 v _23860_/Y (AO221x2_ASAP7_75t_R)
                                         _04899_ (net)
                 20.82    1.30  823.70 v _23869_/A (OR4x2_ASAP7_75t_R)
     5    7.62   34.24   49.02  872.72 v _23869_/Y (OR4x2_ASAP7_75t_R)
                                         _04908_ (net)
                 34.33    1.00  873.72 v _23870_/B (NAND2x2_ASAP7_75t_R)
     7   14.20   58.15   36.59  910.31 ^ _23870_/Y (NAND2x2_ASAP7_75t_R)
                                         alu_adder_result_ex[31] (net)
                 58.73    3.26  913.57 ^ _32936_/A2 (AO221x2_ASAP7_75t_R)
     1    3.58   18.56   36.75  950.32 ^ _32936_/Y (AO221x2_ASAP7_75t_R)
                                         _11902_ (net)
                 18.74    1.01  951.33 ^ _32937_/A (NAND2x2_ASAP7_75t_R)
     3    3.47   14.31   11.56  962.89 v _32937_/Y (NAND2x2_ASAP7_75t_R)
                                         _11903_ (net)
                 14.34    0.41  963.30 v _32938_/B (OA21x2_ASAP7_75t_R)
     2    3.10   12.48   17.80  981.10 v _32938_/Y (OA21x2_ASAP7_75t_R)
                                         _11904_ (net)
                 12.51    0.29  981.39 v _33724_/A (NAND2x1_ASAP7_75t_R)
     1    0.91   12.78   11.93  993.32 ^ _33724_/Y (NAND2x1_ASAP7_75t_R)
                                         _12508_ (net)
                 12.78    0.09  993.41 ^ _33725_/B (OA21x2_ASAP7_75t_R)
     2    1.75    9.71   18.14 1011.55 ^ _33725_/Y (OA21x2_ASAP7_75t_R)
                                         net290 (net)
                  9.72    0.16 1011.71 ^ output240/A (BUFx3_ASAP7_75t_R)
     1    0.44    4.48   11.90 1023.61 ^ output240/Y (BUFx3_ASAP7_75t_R)
                                         instr_addr_o[31] (net)
                  4.48    0.04 1023.65 ^ instr_addr_o[31] (out)
                               1023.65   data arrival time

                       1260.00 1260.00   clock core_clock (rise edge)
                          0.00 1260.00   clock network delay (propagated)
                          0.00 1260.00   clock reconvergence pessimism
                       -252.00 1008.00   output external delay
                               1008.00   data required time
-----------------------------------------------------------------------------
                               1008.00   data required time
                               -1023.65   data arrival time
-----------------------------------------------------------------------------
                                -15.65   slack (VIOLATED)



==========================================================================
global route report_check_types -max_slew -max_cap -max_fanout -violators
--------------------------------------------------------------------------

==========================================================================
global route max_slew_check_slack
--------------------------------------------------------------------------
62.39317321777344

==========================================================================
global route max_slew_check_limit
--------------------------------------------------------------------------
320.0

==========================================================================
global route max_slew_check_slack_limit
--------------------------------------------------------------------------
0.1950

==========================================================================
global route max_fanout_check_slack
--------------------------------------------------------------------------
1.0000000150474662e+30

==========================================================================
global route max_fanout_check_limit
--------------------------------------------------------------------------
1.0000000150474662e+30

==========================================================================
global route max_capacitance_check_slack
--------------------------------------------------------------------------
6.489231109619141

==========================================================================
global route max_capacitance_check_limit
--------------------------------------------------------------------------
23.040000915527344

==========================================================================
global route max_capacitance_check_slack_limit
--------------------------------------------------------------------------
0.2817

==========================================================================
global route max_slew_violation_count
--------------------------------------------------------------------------
max slew violation count 0

==========================================================================
global route max_fanout_violation_count
--------------------------------------------------------------------------
max fanout violation count 0

==========================================================================
global route max_cap_violation_count
--------------------------------------------------------------------------
max cap violation count 0

==========================================================================
global route setup_violation_count
--------------------------------------------------------------------------
setup violation count 1

==========================================================================
global route hold_violation_count
--------------------------------------------------------------------------
hold violation count 0

==========================================================================
global route report_checks -path_delay max reg to reg
--------------------------------------------------------------------------
Startpoint: if_stage_i.instr_rdata_alu_id_o[20]$_DFFE_PN_
            (rising edge-triggered flip-flop clocked by core_clock)
Endpoint: gen_regfile_ff.register_file_i.rf_reg_q[411]$_DFFE_PN0P_
          (rising edge-triggered flip-flop clocked by core_clock)
Path Group: core_clock
Path Type: max

  Delay    Time   Description
---------------------------------------------------------
   0.00    0.00   clock core_clock (rise edge)
   0.00    0.00   clock source latency
   0.00    0.00 ^ clk_i (in)
  18.70   18.70 ^ clkbuf_0_clk_i/Y (BUFx16f_ASAP7_75t_R)
  13.03   31.73 ^ clkbuf_1_0__f_clk_i/Y (BUFx16f_ASAP7_75t_R)
  24.86   56.59 ^ _35046_/Y (AND2x2_ASAP7_75t_R)
  24.79   81.38 ^ clkbuf_0_clk/Y (BUFx16f_ASAP7_75t_R)
  29.30  110.67 ^ clkbuf_2_2_0_clk/Y (BUFx24_ASAP7_75t_R)
  29.42  140.09 ^ clkbuf_leaf_46_clk/Y (BUFx24_ASAP7_75t_R)
   3.52  143.61 ^ if_stage_i.instr_rdata_alu_id_o[20]$_DFFE_PN_/CLK (DFFHQNx2_ASAP7_75t_R)
  52.55  196.15 ^ if_stage_i.instr_rdata_alu_id_o[20]$_DFFE_PN_/QN (DFFHQNx2_ASAP7_75t_R)
  12.28  208.43 v _19195_/Y (INVx2_ASAP7_75t_R)
  19.62  228.05 v _19196_/Y (BUFx3_ASAP7_75t_R)
  19.63  247.68 v _19197_/Y (BUFx3_ASAP7_75t_R)
  18.27  265.95 v _19198_/Y (BUFx6f_ASAP7_75t_R)
  20.28  286.23 v _19199_/Y (BUFx6f_ASAP7_75t_R)
  14.59  300.82 v _21321_/Y (BUFx12f_ASAP7_75t_R)
  23.48  324.30 v _21340_/Y (BUFx6f_ASAP7_75t_R)
  19.11  343.40 v _21384_/Y (BUFx4f_ASAP7_75t_R)
  31.96  375.37 v _22380_/Y (OA211x2_ASAP7_75t_R)
  24.64  400.01 v _22384_/Y (OR3x1_ASAP7_75t_R)
  17.76  417.77 v _22392_/Y (AND3x1_ASAP7_75t_R)
  18.71  436.48 v _22393_/Y (AO21x1_ASAP7_75t_R)
  32.16  468.64 ^ _22425_/Y (OAI21x1_ASAP7_75t_R)
  21.69  490.34 v _24194_/Y (NOR2x1_ASAP7_75t_R)
  28.66  518.99 v _24195_/Y (AO21x2_ASAP7_75t_R)
  22.72  541.71 v _24196_/Y (BUFx4f_ASAP7_75t_R)
  25.17  566.88 v _24309_/Y (AND2x2_ASAP7_75t_R)
  61.75  628.63 v _35280_/SN (FAx1_ASAP7_75t_R)
  35.27  663.89 ^ _35281_/CON (FAx1_ASAP7_75t_R)
  14.48  678.38 v _34921_/Y (INVx1_ASAP7_75t_R)
  29.39  707.76 ^ _35295_/CON (FAx1_ASAP7_75t_R)
  23.09  730.85 v _35295_/SN (FAx1_ASAP7_75t_R)
  64.13  794.98 v _35296_/SN (FAx1_ASAP7_75t_R)
  29.43  824.42 ^ _35300_/CON (FAx1_ASAP7_75t_R)
  16.56  840.98 v _35300_/SN (FAx1_ASAP7_75t_R)
  15.06  856.04 ^ _34831_/Y (INVx1_ASAP7_75t_R)
  41.94  897.98 v _35301_/SN (FAx1_ASAP7_75t_R)
  60.28  958.26 v _35784_/SN (HAxp5_ASAP7_75t_R)
  28.39  986.65 v _29114_/Y (AO21x1_ASAP7_75t_R)
  21.90 1008.55 v _29148_/Y (AO21x1_ASAP7_75t_R)
  34.05 1042.60 v _29192_/Y (OR4x1_ASAP7_75t_R)
  31.46 1074.06 v _29193_/Y (OR3x1_ASAP7_75t_R)
  21.27 1095.33 v _29304_/Y (AO211x2_ASAP7_75t_R)
  16.07 1111.40 v _29361_/Y (AO21x1_ASAP7_75t_R)
  30.26 1141.66 v _29362_/Y (OA211x2_ASAP7_75t_R)
  19.95 1161.61 v _29436_/Y (OA21x2_ASAP7_75t_R)
  17.06 1178.66 v _29470_/Y (OA21x2_ASAP7_75t_R)
  18.42 1197.08 v _29471_/Y (OA21x2_ASAP7_75t_R)
  13.11 1210.19 ^ _29472_/Y (XNOR2x1_ASAP7_75t_R)
  14.21 1224.41 v _29473_/Y (NAND2x1_ASAP7_75t_R)
  22.03 1246.44 v _29475_/Y (AND4x2_ASAP7_75t_R)
  55.26 1301.70 v _29481_/Y (OR5x2_ASAP7_75t_R)
  32.67 1334.37 v _29485_/Y (AND2x6_ASAP7_75t_R)
  27.13 1361.49 v _29761_/Y (BUFx3_ASAP7_75t_R)
  19.42 1380.91 v _30451_/Y (AO21x1_ASAP7_75t_R)
   0.04 1380.95 v gen_regfile_ff.register_file_i.rf_reg_q[411]$_DFFE_PN0P_/D (DFFASRHQNx1_ASAP7_75t_R)
        1380.95   data arrival time

1260.00 1260.00   clock core_clock (rise edge)
   0.00 1260.00   clock source latency
   0.00 1260.00 ^ clk_i (in)
  16.75 1276.75 ^ clkbuf_regs_0_core_clock/Y (BUFx16f_ASAP7_75t_R)
  13.08 1289.83 ^ delaybuf_0_core_clock/Y (BUFx16f_ASAP7_75t_R)
  12.96 1302.79 ^ delaybuf_1_core_clock/Y (BUFx16f_ASAP7_75t_R)
  12.98 1315.77 ^ delaybuf_2_core_clock/Y (BUFx16f_ASAP7_75t_R)
  15.22 1330.99 ^ clkbuf_0_clk_i_regs/Y (BUFx16f_ASAP7_75t_R)
  21.17 1352.16 ^ clkbuf_2_0__f_clk_i_regs/Y (BUFx16f_ASAP7_75t_R)
  35.70 1387.86 ^ clkbuf_leaf_4_clk_i_regs/Y (BUFx24_ASAP7_75t_R)
   1.13 1388.99 ^ gen_regfile_ff.register_file_i.rf_reg_q[411]$_DFFE_PN0P_/CLK (DFFASRHQNx1_ASAP7_75t_R)
   0.00 1388.99   clock reconvergence pessimism
  -2.14 1386.85   library setup time
        1386.85   data required time
---------------------------------------------------------
        1386.85   data required time
        -1380.95   data arrival time
---------------------------------------------------------
           5.90   slack (MET)



==========================================================================
global route report_checks -path_delay min reg to reg
--------------------------------------------------------------------------
Startpoint: gen_regfile_ff.register_file_i.rf_reg_q[168]$_DFFE_PN0P_
            (rising edge-triggered flip-flop clocked by core_clock)
Endpoint: gen_regfile_ff.register_file_i.rf_reg_q[168]$_DFFE_PN0P_
          (rising edge-triggered flip-flop clocked by core_clock)
Path Group: core_clock
Path Type: min

  Delay    Time   Description
---------------------------------------------------------
   0.00    0.00   clock core_clock (rise edge)
   0.00    0.00   clock source latency
   0.00    0.00 ^ clk_i (in)
  16.75   16.75 ^ clkbuf_regs_0_core_clock/Y (BUFx16f_ASAP7_75t_R)
  13.08   29.83 ^ delaybuf_0_core_clock/Y (BUFx16f_ASAP7_75t_R)
  12.96   42.79 ^ delaybuf_1_core_clock/Y (BUFx16f_ASAP7_75t_R)
  12.98   55.77 ^ delaybuf_2_core_clock/Y (BUFx16f_ASAP7_75t_R)
  15.22   70.99 ^ clkbuf_0_clk_i_regs/Y (BUFx16f_ASAP7_75t_R)
  22.54   93.54 ^ clkbuf_2_2__f_clk_i_regs/Y (BUFx16f_ASAP7_75t_R)
  29.38  122.91 ^ clkbuf_leaf_13_clk_i_regs/Y (BUFx24_ASAP7_75t_R)
   1.82  124.73 ^ gen_regfile_ff.register_file_i.rf_reg_q[168]$_DFFE_PN0P_/CLK (DFFASRHQNx1_ASAP7_75t_R)
  43.94  168.67 ^ gen_regfile_ff.register_file_i.rf_reg_q[168]$_DFFE_PN0P_/QN (DFFASRHQNx1_ASAP7_75t_R)
   7.37  176.04 v _29815_/Y (OAI21x1_ASAP7_75t_R)
   0.03  176.07 v gen_regfile_ff.register_file_i.rf_reg_q[168]$_DFFE_PN0P_/D (DFFASRHQNx1_ASAP7_75t_R)
         176.07   data arrival time

   0.00    0.00   clock core_clock (rise edge)
   0.00    0.00   clock source latency
   0.00    0.00 ^ clk_i (in)
  17.64   17.64 ^ clkbuf_regs_0_core_clock/Y (BUFx16f_ASAP7_75t_R)
  13.44   31.08 ^ delaybuf_0_core_clock/Y (BUFx16f_ASAP7_75t_R)
  13.29   44.37 ^ delaybuf_1_core_clock/Y (BUFx16f_ASAP7_75t_R)
  13.29   57.66 ^ delaybuf_2_core_clock/Y (BUFx16f_ASAP7_75t_R)
  15.78   73.43 ^ clkbuf_0_clk_i_regs/Y (BUFx16f_ASAP7_75t_R)
  24.54   97.97 ^ clkbuf_2_2__f_clk_i_regs/Y (BUFx16f_ASAP7_75t_R)
  32.30  130.27 ^ clkbuf_leaf_13_clk_i_regs/Y (BUFx24_ASAP7_75t_R)
   2.21  132.48 ^ gen_regfile_ff.register_file_i.rf_reg_q[168]$_DFFE_PN0P_/CLK (DFFASRHQNx1_ASAP7_75t_R)
  -7.35  125.13   clock reconvergence pessimism
  13.06  138.19   library hold time
         138.19   data required time
---------------------------------------------------------
         138.19   data required time
        -176.07   data arrival time
---------------------------------------------------------
          37.88   slack (MET)



==========================================================================
global route critical path target clock latency max path
--------------------------------------------------------------------------
124.1828

==========================================================================
global route critical path target clock latency min path
--------------------------------------------------------------------------
143.7845

==========================================================================
global route critical path source clock latency min path
--------------------------------------------------------------------------
0.0000

==========================================================================
global route critical path delay
--------------------------------------------------------------------------
1023.6474

==========================================================================
global route critical path slack
--------------------------------------------------------------------------
-15.6474

==========================================================================
global route slack div critical path delay
--------------------------------------------------------------------------
-1.528593

==========================================================================
global route report_power
--------------------------------------------------------------------------
Group                  Internal  Switching    Leakage      Total
                          Power      Power      Power      Power (Watts)
----------------------------------------------------------------
Sequential             3.42e-03   1.01e-03   2.10e-07   4.42e-03   9.8%
Combinational          1.67e-02   2.17e-02   1.81e-06   3.85e-02  85.3%
Clock                  1.29e-03   9.32e-04   5.90e-08   2.22e-03   4.9%
Macro                  0.00e+00   0.00e+00   0.00e+00   0.00e+00   0.0%
Pad                    0.00e+00   0.00e+00   0.00e+00   0.00e+00   0.0%
----------------------------------------------------------------
Total                  2.14e-02   2.37e-02   2.08e-06   4.51e-02 100.0%
                          47.5%      52.5%       0.0%
