
==========================================================================
global route report_tns
--------------------------------------------------------------------------
tns -6.53

==========================================================================
global route report_wns
--------------------------------------------------------------------------
wns -0.10

==========================================================================
global route report_worst_slack
--------------------------------------------------------------------------
worst slack -0.10

==========================================================================
global route report_clock_skew
--------------------------------------------------------------------------
Clock clk
   0.18 source latency sa10_sr[0]$_DFF_P_/CK ^
  -0.20 target latency sa00_sr[4]$_DFF_P_/CK ^
   0.00 CRPR
--------------
  -0.01 setup skew


==========================================================================
global route report_checks -path_delay min
--------------------------------------------------------------------------
Startpoint: text_in[126] (input port clocked by clk)
Endpoint: text_in_r[126]$_DFFE_PP_
          (rising edge-triggered flip-flop clocked by clk)
Path Group: clk
Path Type: min

Fanout     Cap    Slew   Delay    Time   Description
-----------------------------------------------------------------------------
                          0.00    0.00   clock clk (rise edge)
                          0.00    0.00   clock network delay (propagated)
                          0.16    0.16 ^ input external delay
     1    2.06    0.00    0.00    0.16 ^ text_in[126] (in)
                                         text_in[126] (net)
                  0.00    0.00    0.16 ^ input159/A (BUF_X1)
     1    1.32    0.01    0.02    0.18 ^ input159/Z (BUF_X1)
                                         net257 (net)
                  0.01    0.00    0.18 ^ _29400_/B (MUX2_X1)
     1    1.44    0.01    0.03    0.21 ^ _29400_/Z (MUX2_X1)
                                         _00518_ (net)
                  0.01    0.00    0.21 ^ text_in_r[126]$_DFFE_PP_/D (DFF_X1)
                                  0.21   data arrival time

                          0.00    0.00   clock clk (rise edge)
                          0.00    0.00   clock source latency
     1   16.55    0.00    0.00    0.00 ^ clk (in)
                                         clk (net)
                  0.00    0.00    0.00 ^ clkbuf_0_clk/A (CLKBUF_X3)
     8   51.65    0.04    0.06    0.06 ^ clkbuf_0_clk/Z (CLKBUF_X3)
                                         clknet_0_clk (net)
                  0.04    0.01    0.07 ^ clkbuf_3_4__f_clk/A (CLKBUF_X3)
    11   45.67    0.04    0.08    0.15 ^ clkbuf_3_4__f_clk/Z (CLKBUF_X3)
                                         clknet_3_4__leaf_clk (net)
                  0.04    0.00    0.15 ^ clkbuf_leaf_72_clk/A (CLKBUF_X3)
     7   10.39    0.01    0.05    0.20 ^ clkbuf_leaf_72_clk/Z (CLKBUF_X3)
                                         clknet_leaf_72_clk (net)
                  0.01    0.00    0.20 ^ text_in_r[126]$_DFFE_PP_/CK (DFF_X1)
                          0.00    0.20   clock reconvergence pessimism
                          0.01    0.20   library hold time
                                  0.20   data required time
-----------------------------------------------------------------------------
                                  0.20   data required time
                                 -0.21   data arrival time
-----------------------------------------------------------------------------
                                  0.01   slack (MET)



==========================================================================
global route report_checks -path_delay max
--------------------------------------------------------------------------
Startpoint: ld_r$_DFF_P_ (rising edge-triggered flip-flop clocked by clk)
Endpoint: sa11_sr[3]$_DFF_P_ (rising edge-triggered flip-flop clocked by clk)
Path Group: clk
Path Type: max

Fanout     Cap    Slew   Delay    Time   Description
-----------------------------------------------------------------------------
                          0.00    0.00   clock clk (rise edge)
                          0.00    0.00   clock source latency
     1   16.55    0.00    0.00    0.00 ^ clk (in)
                                         clk (net)
                  0.00    0.00    0.00 ^ clkbuf_0_clk/A (CLKBUF_X3)
     8   51.65    0.04    0.06    0.06 ^ clkbuf_0_clk/Z (CLKBUF_X3)
                                         clknet_0_clk (net)
                  0.04    0.00    0.07 ^ clkbuf_3_1__f_clk/A (CLKBUF_X3)
    17   42.82    0.03    0.07    0.14 ^ clkbuf_3_1__f_clk/Z (CLKBUF_X3)
                                         clknet_3_1__leaf_clk (net)
                  0.03    0.00    0.14 ^ clkbuf_leaf_78_clk/A (CLKBUF_X3)
     8   10.11    0.01    0.05    0.19 ^ clkbuf_leaf_78_clk/Z (CLKBUF_X3)
                                         clknet_leaf_78_clk (net)
                  0.01    0.00    0.19 ^ ld_r$_DFF_P_/CK (DFF_X1)
     1    6.93    0.02    0.10    0.29 ^ ld_r$_DFF_P_/Q (DFF_X1)
                                         ld_r (net)
                  0.02    0.00    0.29 ^ _18258_/A (BUF_X8)
     6   68.90    0.02    0.04    0.33 ^ _18258_/Z (BUF_X8)
                                         _08970_ (net)
                  0.02    0.01    0.33 ^ _18259_/A (BUF_X16)
     5   63.03    0.01    0.03    0.36 ^ _18259_/Z (BUF_X16)
                                         _08971_ (net)
                  0.01    0.00    0.37 ^ _19028_/A (BUF_X32)
    10   59.86    0.01    0.02    0.39 ^ _19028_/Z (BUF_X32)
                                         _09726_ (net)
                  0.01    0.01    0.40 ^ _19029_/A (BUF_X32)
    11   74.73    0.01    0.02    0.42 ^ _19029_/Z (BUF_X32)
                                         _09727_ (net)
                  0.02    0.01    0.43 ^ _19030_/A (BUF_X32)
     6   62.66    0.01    0.02    0.45 ^ _19030_/Z (BUF_X32)
                                         _09728_ (net)
                  0.02    0.02    0.47 ^ _19125_/A (BUF_X32)
     5   39.18    0.01    0.02    0.50 ^ _19125_/Z (BUF_X32)
                                         _09818_ (net)
                  0.01    0.01    0.50 ^ _22545_/A1 (NAND2_X4)
     1    6.74    0.01    0.01    0.52 v _22545_/ZN (NAND2_X4)
                                         _13173_ (net)
                  0.01    0.00    0.52 v _22546_/B2 (OAI21_X4)
     4   19.45    0.03    0.05    0.56 ^ _22546_/ZN (OAI21_X4)
                                         _13174_ (net)
                  0.03    0.00    0.57 ^ _22547_/A1 (NOR2_X4)
     5   19.24    0.01    0.02    0.58 v _22547_/ZN (NOR2_X4)
                                         _13175_ (net)
                  0.01    0.00    0.58 v rebuffer3/A (BUF_X4)
     1   12.11    0.01    0.03    0.61 v rebuffer3/Z (BUF_X4)
                                         net487 (net)
                  0.01    0.00    0.61 v _22548_/A (INV_X8)
     6   33.17    0.01    0.02    0.63 ^ _22548_/ZN (INV_X8)
                                         _13176_ (net)
                  0.01    0.00    0.63 ^ _22549_/A (BUF_X16)
     6   25.42    0.01    0.02    0.66 ^ _22549_/Z (BUF_X16)
                                         _13177_ (net)
                  0.01    0.00    0.66 ^ _22550_/A (BUF_X16)
     6   28.51    0.01    0.02    0.68 ^ _22550_/Z (BUF_X16)
                                         _13178_ (net)
                  0.01    0.00    0.68 ^ _22551_/A (BUF_X16)
     8   29.36    0.01    0.02    0.70 ^ _22551_/Z (BUF_X16)
                                         _14992_ (net)
                  0.01    0.00    0.70 ^ _29686_/B (HA_X1)
     6   17.09    0.04    0.07    0.77 ^ _29686_/CO (HA_X1)
                                         _14993_ (net)
                  0.04    0.00    0.77 ^ _22984_/A1 (OR2_X4)
     3   10.84    0.01    0.03    0.80 ^ _22984_/ZN (OR2_X4)
                                         _13603_ (net)
                  0.01    0.00    0.80 ^ _22985_/A (OAI21_X4)
     3    7.10    0.01    0.02    0.82 v _22985_/ZN (OAI21_X4)
                                         _13604_ (net)
                  0.01    0.00    0.82 v _22986_/A1 (AND2_X2)
     1    1.38    0.00    0.03    0.85 v _22986_/ZN (AND2_X2)
                                         _13605_ (net)
                  0.00    0.00    0.85 v _22988_/A (MUX2_X1)
     1    4.37    0.01    0.06    0.91 v _22988_/Z (MUX2_X1)
                                         _13607_ (net)
                  0.01    0.00    0.91 v _22993_/B1 (AOI221_X2)
     1    3.77    0.04    0.07    0.98 ^ _22993_/ZN (AOI221_X2)
                                         _13612_ (net)
                  0.04    0.00    0.98 ^ _23010_/B1 (AOI221_X2)
     1    3.05    0.02    0.03    1.02 v _23010_/ZN (AOI221_X2)
                                         _13629_ (net)
                  0.02    0.00    1.02 v _23011_/A2 (NOR4_X2)
     1    2.03    0.04    0.06    1.08 ^ _23011_/ZN (NOR4_X2)
                                         _00083_ (net)
                  0.04    0.00    1.08 ^ sa11_sr[3]$_DFF_P_/D (DFF_X1)
                                  1.08   data arrival time

                          0.82    0.82   clock clk (rise edge)
                          0.00    0.82   clock source latency
     1   16.55    0.00    0.00    0.82 ^ clk (in)
                                         clk (net)
                  0.00    0.00    0.82 ^ clkbuf_0_clk/A (CLKBUF_X3)
     8   51.65    0.04    0.06    0.88 ^ clkbuf_0_clk/Z (CLKBUF_X3)
                                         clknet_0_clk (net)
                  0.04    0.01    0.89 ^ clkbuf_3_4__f_clk/A (CLKBUF_X3)
    11   45.67    0.04    0.08    0.97 ^ clkbuf_3_4__f_clk/Z (CLKBUF_X3)
                                         clknet_3_4__leaf_clk (net)
                  0.04    0.00    0.97 ^ clkbuf_leaf_69_clk/A (CLKBUF_X3)
     7    9.44    0.01    0.05    1.01 ^ clkbuf_leaf_69_clk/Z (CLKBUF_X3)
                                         clknet_leaf_69_clk (net)
                  0.01    0.00    1.01 ^ sa11_sr[3]$_DFF_P_/CK (DFF_X1)
                          0.00    1.01   clock reconvergence pessimism
                         -0.04    0.98   library setup time
                                  0.98   data required time
-----------------------------------------------------------------------------
                                  0.98   data required time
                                 -1.08   data arrival time
-----------------------------------------------------------------------------
                                 -0.10   slack (VIOLATED)



==========================================================================
global route report_checks -unconstrained
--------------------------------------------------------------------------
Startpoint: ld_r$_DFF_P_ (rising edge-triggered flip-flop clocked by clk)
Endpoint: sa11_sr[3]$_DFF_P_ (rising edge-triggered flip-flop clocked by clk)
Path Group: clk
Path Type: max

Fanout     Cap    Slew   Delay    Time   Description
-----------------------------------------------------------------------------
                          0.00    0.00   clock clk (rise edge)
                          0.00    0.00   clock source latency
     1   16.55    0.00    0.00    0.00 ^ clk (in)
                                         clk (net)
                  0.00    0.00    0.00 ^ clkbuf_0_clk/A (CLKBUF_X3)
     8   51.65    0.04    0.06    0.06 ^ clkbuf_0_clk/Z (CLKBUF_X3)
                                         clknet_0_clk (net)
                  0.04    0.00    0.07 ^ clkbuf_3_1__f_clk/A (CLKBUF_X3)
    17   42.82    0.03    0.07    0.14 ^ clkbuf_3_1__f_clk/Z (CLKBUF_X3)
                                         clknet_3_1__leaf_clk (net)
                  0.03    0.00    0.14 ^ clkbuf_leaf_78_clk/A (CLKBUF_X3)
     8   10.11    0.01    0.05    0.19 ^ clkbuf_leaf_78_clk/Z (CLKBUF_X3)
                                         clknet_leaf_78_clk (net)
                  0.01    0.00    0.19 ^ ld_r$_DFF_P_/CK (DFF_X1)
     1    6.93    0.02    0.10    0.29 ^ ld_r$_DFF_P_/Q (DFF_X1)
                                         ld_r (net)
                  0.02    0.00    0.29 ^ _18258_/A (BUF_X8)
     6   68.90    0.02    0.04    0.33 ^ _18258_/Z (BUF_X8)
                                         _08970_ (net)
                  0.02    0.01    0.33 ^ _18259_/A (BUF_X16)
     5   63.03    0.01    0.03    0.36 ^ _18259_/Z (BUF_X16)
                                         _08971_ (net)
                  0.01    0.00    0.37 ^ _19028_/A (BUF_X32)
    10   59.86    0.01    0.02    0.39 ^ _19028_/Z (BUF_X32)
                                         _09726_ (net)
                  0.01    0.01    0.40 ^ _19029_/A (BUF_X32)
    11   74.73    0.01    0.02    0.42 ^ _19029_/Z (BUF_X32)
                                         _09727_ (net)
                  0.02    0.01    0.43 ^ _19030_/A (BUF_X32)
     6   62.66    0.01    0.02    0.45 ^ _19030_/Z (BUF_X32)
                                         _09728_ (net)
                  0.02    0.02    0.47 ^ _19125_/A (BUF_X32)
     5   39.18    0.01    0.02    0.50 ^ _19125_/Z (BUF_X32)
                                         _09818_ (net)
                  0.01    0.01    0.50 ^ _22545_/A1 (NAND2_X4)
     1    6.74    0.01    0.01    0.52 v _22545_/ZN (NAND2_X4)
                                         _13173_ (net)
                  0.01    0.00    0.52 v _22546_/B2 (OAI21_X4)
     4   19.45    0.03    0.05    0.56 ^ _22546_/ZN (OAI21_X4)
                                         _13174_ (net)
                  0.03    0.00    0.57 ^ _22547_/A1 (NOR2_X4)
     5   19.24    0.01    0.02    0.58 v _22547_/ZN (NOR2_X4)
                                         _13175_ (net)
                  0.01    0.00    0.58 v rebuffer3/A (BUF_X4)
     1   12.11    0.01    0.03    0.61 v rebuffer3/Z (BUF_X4)
                                         net487 (net)
                  0.01    0.00    0.61 v _22548_/A (INV_X8)
     6   33.17    0.01    0.02    0.63 ^ _22548_/ZN (INV_X8)
                                         _13176_ (net)
                  0.01    0.00    0.63 ^ _22549_/A (BUF_X16)
     6   25.42    0.01    0.02    0.66 ^ _22549_/Z (BUF_X16)
                                         _13177_ (net)
                  0.01    0.00    0.66 ^ _22550_/A (BUF_X16)
     6   28.51    0.01    0.02    0.68 ^ _22550_/Z (BUF_X16)
                                         _13178_ (net)
                  0.01    0.00    0.68 ^ _22551_/A (BUF_X16)
     8   29.36    0.01    0.02    0.70 ^ _22551_/Z (BUF_X16)
                                         _14992_ (net)
                  0.01    0.00    0.70 ^ _29686_/B (HA_X1)
     6   17.09    0.04    0.07    0.77 ^ _29686_/CO (HA_X1)
                                         _14993_ (net)
                  0.04    0.00    0.77 ^ _22984_/A1 (OR2_X4)
     3   10.84    0.01    0.03    0.80 ^ _22984_/ZN (OR2_X4)
                                         _13603_ (net)
                  0.01    0.00    0.80 ^ _22985_/A (OAI21_X4)
     3    7.10    0.01    0.02    0.82 v _22985_/ZN (OAI21_X4)
                                         _13604_ (net)
                  0.01    0.00    0.82 v _22986_/A1 (AND2_X2)
     1    1.38    0.00    0.03    0.85 v _22986_/ZN (AND2_X2)
                                         _13605_ (net)
                  0.00    0.00    0.85 v _22988_/A (MUX2_X1)
     1    4.37    0.01    0.06    0.91 v _22988_/Z (MUX2_X1)
                                         _13607_ (net)
                  0.01    0.00    0.91 v _22993_/B1 (AOI221_X2)
     1    3.77    0.04    0.07    0.98 ^ _22993_/ZN (AOI221_X2)
                                         _13612_ (net)
                  0.04    0.00    0.98 ^ _23010_/B1 (AOI221_X2)
     1    3.05    0.02    0.03    1.02 v _23010_/ZN (AOI221_X2)
                                         _13629_ (net)
                  0.02    0.00    1.02 v _23011_/A2 (NOR4_X2)
     1    2.03    0.04    0.06    1.08 ^ _23011_/ZN (NOR4_X2)
                                         _00083_ (net)
                  0.04    0.00    1.08 ^ sa11_sr[3]$_DFF_P_/D (DFF_X1)
                                  1.08   data arrival time

                          0.82    0.82   clock clk (rise edge)
                          0.00    0.82   clock source latency
     1   16.55    0.00    0.00    0.82 ^ clk (in)
                                         clk (net)
                  0.00    0.00    0.82 ^ clkbuf_0_clk/A (CLKBUF_X3)
     8   51.65    0.04    0.06    0.88 ^ clkbuf_0_clk/Z (CLKBUF_X3)
                                         clknet_0_clk (net)
                  0.04    0.01    0.89 ^ clkbuf_3_4__f_clk/A (CLKBUF_X3)
    11   45.67    0.04    0.08    0.97 ^ clkbuf_3_4__f_clk/Z (CLKBUF_X3)
                                         clknet_3_4__leaf_clk (net)
                  0.04    0.00    0.97 ^ clkbuf_leaf_69_clk/A (CLKBUF_X3)
     7    9.44    0.01    0.05    1.01 ^ clkbuf_leaf_69_clk/Z (CLKBUF_X3)
                                         clknet_leaf_69_clk (net)
                  0.01    0.00    1.01 ^ sa11_sr[3]$_DFF_P_/CK (DFF_X1)
                          0.00    1.01   clock reconvergence pessimism
                         -0.04    0.98   library setup time
                                  0.98   data required time
-----------------------------------------------------------------------------
                                  0.98   data required time
                                 -1.08   data arrival time
-----------------------------------------------------------------------------
                                 -0.10   slack (VIOLATED)



==========================================================================
global route report_check_types -max_slew -max_cap -max_fanout -violators
--------------------------------------------------------------------------

==========================================================================
global route max_slew_check_slack
--------------------------------------------------------------------------
0.08237840235233307

==========================================================================
global route max_slew_check_limit
--------------------------------------------------------------------------
0.1985349953174591

==========================================================================
global route max_slew_check_slack_limit
--------------------------------------------------------------------------
0.4149

==========================================================================
global route max_fanout_check_slack
--------------------------------------------------------------------------
1.0000000150474662e+30

==========================================================================
global route max_fanout_check_limit
--------------------------------------------------------------------------
1.0000000150474662e+30

==========================================================================
global route max_capacitance_check_slack
--------------------------------------------------------------------------
2.2641191482543945

==========================================================================
global route max_capacitance_check_limit
--------------------------------------------------------------------------
28.991697311401367

==========================================================================
global route max_capacitance_check_slack_limit
--------------------------------------------------------------------------
0.0781

==========================================================================
global route max_slew_violation_count
--------------------------------------------------------------------------
max slew violation count 0

==========================================================================
global route max_fanout_violation_count
--------------------------------------------------------------------------
max fanout violation count 0

==========================================================================
global route max_cap_violation_count
--------------------------------------------------------------------------
max cap violation count 0

==========================================================================
global route setup_violation_count
--------------------------------------------------------------------------
setup violation count 151

==========================================================================
global route hold_violation_count
--------------------------------------------------------------------------
hold violation count 0

==========================================================================
global route report_checks -path_delay max reg to reg
--------------------------------------------------------------------------
Startpoint: ld_r$_DFF_P_ (rising edge-triggered flip-flop clocked by clk)
Endpoint: sa11_sr[3]$_DFF_P_ (rising edge-triggered flip-flop clocked by clk)
Path Group: clk
Path Type: max

  Delay    Time   Description
---------------------------------------------------------
   0.00    0.00   clock clk (rise edge)
   0.00    0.00   clock source latency
   0.00    0.00 ^ clk (in)
   0.06    0.06 ^ clkbuf_0_clk/Z (CLKBUF_X3)
   0.07    0.14 ^ clkbuf_3_1__f_clk/Z (CLKBUF_X3)
   0.05    0.19 ^ clkbuf_leaf_78_clk/Z (CLKBUF_X3)
   0.00    0.19 ^ ld_r$_DFF_P_/CK (DFF_X1)
   0.10    0.29 ^ ld_r$_DFF_P_/Q (DFF_X1)
   0.04    0.33 ^ _18258_/Z (BUF_X8)
   0.04    0.36 ^ _18259_/Z (BUF_X16)
   0.02    0.39 ^ _19028_/Z (BUF_X32)
   0.03    0.42 ^ _19029_/Z (BUF_X32)
   0.04    0.45 ^ _19030_/Z (BUF_X32)
   0.04    0.50 ^ _19125_/Z (BUF_X32)
   0.02    0.52 v _22545_/ZN (NAND2_X4)
   0.05    0.56 ^ _22546_/ZN (OAI21_X4)
   0.02    0.58 v _22547_/ZN (NOR2_X4)
   0.03    0.61 v rebuffer3/Z (BUF_X4)
   0.02    0.63 ^ _22548_/ZN (INV_X8)
   0.02    0.66 ^ _22549_/Z (BUF_X16)
   0.02    0.68 ^ _22550_/Z (BUF_X16)
   0.02    0.70 ^ _22551_/Z (BUF_X16)
   0.07    0.77 ^ _29686_/CO (HA_X1)
   0.03    0.80 ^ _22984_/ZN (OR2_X4)
   0.02    0.82 v _22985_/ZN (OAI21_X4)
   0.03    0.85 v _22986_/ZN (AND2_X2)
   0.06    0.91 v _22988_/Z (MUX2_X1)
   0.07    0.98 ^ _22993_/ZN (AOI221_X2)
   0.03    1.02 v _23010_/ZN (AOI221_X2)
   0.06    1.08 ^ _23011_/ZN (NOR4_X2)
   0.00    1.08 ^ sa11_sr[3]$_DFF_P_/D (DFF_X1)
           1.08   data arrival time

   0.82    0.82   clock clk (rise edge)
   0.00    0.82   clock source latency
   0.00    0.82 ^ clk (in)
   0.06    0.88 ^ clkbuf_0_clk/Z (CLKBUF_X3)
   0.08    0.97 ^ clkbuf_3_4__f_clk/Z (CLKBUF_X3)
   0.05    1.01 ^ clkbuf_leaf_69_clk/Z (CLKBUF_X3)
   0.00    1.01 ^ sa11_sr[3]$_DFF_P_/CK (DFF_X1)
   0.00    1.01   clock reconvergence pessimism
  -0.04    0.98   library setup time
           0.98   data required time
---------------------------------------------------------
           0.98   data required time
          -1.08   data arrival time
---------------------------------------------------------
          -0.10   slack (VIOLATED)



==========================================================================
global route report_checks -path_delay min reg to reg
--------------------------------------------------------------------------
Startpoint: u0.u3.d[4]$_DFF_P_ (rising edge-triggered flip-flop clocked by clk)
Endpoint: u0.w[1][4]$_DFF_P_ (rising edge-triggered flip-flop clocked by clk)
Path Group: clk
Path Type: min

  Delay    Time   Description
---------------------------------------------------------
   0.00    0.00   clock clk (rise edge)
   0.00    0.00   clock source latency
   0.00    0.00 ^ clk (in)
   0.06    0.06 ^ clkbuf_0_clk/Z (CLKBUF_X3)
   0.08    0.14 ^ clkbuf_3_6__f_clk/Z (CLKBUF_X3)
   0.05    0.19 ^ clkbuf_leaf_35_clk/Z (CLKBUF_X3)
   0.00    0.19 ^ u0.u3.d[4]$_DFF_P_/CK (DFF_X1)
   0.07    0.25 ^ u0.u3.d[4]$_DFF_P_/QN (DFF_X1)
   0.02    0.27 v _15881_/ZN (XNOR2_X1)
   0.02    0.30 ^ _15989_/ZN (AOI21_X1)
   0.00    0.30 ^ u0.w[1][4]$_DFF_P_/D (DFF_X1)
           0.30   data arrival time

   0.00    0.00   clock clk (rise edge)
   0.00    0.00   clock source latency
   0.00    0.00 ^ clk (in)
   0.06    0.06 ^ clkbuf_0_clk/Z (CLKBUF_X3)
   0.08    0.14 ^ clkbuf_3_6__f_clk/Z (CLKBUF_X3)
   0.05    0.19 ^ clkbuf_leaf_35_clk/Z (CLKBUF_X3)
   0.00    0.19 ^ u0.w[1][4]$_DFF_P_/CK (DFF_X1)
   0.00    0.19   clock reconvergence pessimism
   0.01    0.20   library hold time
           0.20   data required time
---------------------------------------------------------
           0.20   data required time
          -0.30   data arrival time
---------------------------------------------------------
           0.10   slack (MET)



==========================================================================
global route critical path target clock latency max path
--------------------------------------------------------------------------
0.1897

==========================================================================
global route critical path target clock latency min path
--------------------------------------------------------------------------
0.1956

==========================================================================
global route critical path source clock latency min path
--------------------------------------------------------------------------
0.0000

==========================================================================
global route critical path delay
--------------------------------------------------------------------------
1.0780

==========================================================================
global route critical path slack
--------------------------------------------------------------------------
-0.1030

==========================================================================
global route slack div critical path delay
--------------------------------------------------------------------------
-9.554731

==========================================================================
global route report_power
--------------------------------------------------------------------------
Group                  Internal  Switching    Leakage      Total
                          Power      Power      Power      Power (Watts)
----------------------------------------------------------------
Sequential             9.73e-03   1.93e-03   4.81e-05   1.17e-02   2.4%
Combinational          2.35e-01   2.42e-01   7.51e-04   4.78e-01  96.9%
Clock                  1.78e-03   2.01e-03   5.35e-06   3.80e-03   0.8%
Macro                  0.00e+00   0.00e+00   0.00e+00   0.00e+00   0.0%
Pad                    0.00e+00   0.00e+00   0.00e+00   0.00e+00   0.0%
----------------------------------------------------------------
Total                  2.47e-01   2.46e-01   8.04e-04   4.94e-01 100.0%
                          49.9%      49.9%       0.2%
