
==========================================================================
detailed place report_tns
--------------------------------------------------------------------------
tns -10050.70

==========================================================================
detailed place report_wns
--------------------------------------------------------------------------
wns -99.19

==========================================================================
detailed place report_worst_slack
--------------------------------------------------------------------------
worst slack -99.19

==========================================================================
detailed place report_checks -path_delay min
--------------------------------------------------------------------------
Startpoint: u0.w[1][13]$_DFF_P_ (rising edge-triggered flip-flop clocked by clk)
Endpoint: text_out[77]$_DFF_P_ (rising edge-triggered flip-flop clocked by clk)
Path Group: clk
Path Type: min

Fanout     Cap    Slew   Delay    Time   Description
-----------------------------------------------------------------------------
                  0.00    0.00    0.00   clock clk (rise edge)
                          0.00    0.00   clock network delay (ideal)
                  0.00    0.00    0.00 ^ u0.w[1][13]$_DFF_P_/CLK (DFFHQNx2_ASAP7_75t_R)
     2    2.39   18.30   40.33   40.33 ^ u0.w[1][13]$_DFF_P_/QN (DFFHQNx2_ASAP7_75t_R)
                                         _01031_ (net)
                 18.30    0.04   40.37 ^ _30685_/B (XOR2x1_ASAP7_75t_R)
     1    0.69    7.78   10.40   50.77 v _30685_/Y (XOR2x1_ASAP7_75t_R)
                                         _00262_ (net)
                  7.78    0.02   50.78 v text_out[77]$_DFF_P_/D (DFFHQNx2_ASAP7_75t_R)
                                 50.78   data arrival time

                  0.00    0.00    0.00   clock clk (rise edge)
                          0.00    0.00   clock network delay (ideal)
                          0.00    0.00   clock reconvergence pessimism
                                  0.00 ^ text_out[77]$_DFF_P_/CLK (DFFHQNx2_ASAP7_75t_R)
                          6.91    6.91   library hold time
                                  6.91   data required time
-----------------------------------------------------------------------------
                                  6.91   data required time
                                -50.78   data arrival time
-----------------------------------------------------------------------------
                                 43.87   slack (MET)



==========================================================================
detailed place report_checks -path_delay max
--------------------------------------------------------------------------
Startpoint: ld_r$_DFF_P_ (rising edge-triggered flip-flop clocked by clk)
Endpoint: sa03_sr[3]$_DFF_P_ (rising edge-triggered flip-flop clocked by clk)
Path Group: clk
Path Type: max

Fanout     Cap    Slew   Delay    Time   Description
-----------------------------------------------------------------------------
                  0.00    0.00    0.00   clock clk (rise edge)
                          0.00    0.00   clock network delay (ideal)
                  0.00    0.00    0.00 ^ ld_r$_DFF_P_/CLK (DFFHQNx1_ASAP7_75t_R)
     1    1.15   15.20   34.19   34.19 ^ ld_r$_DFF_P_/QN (DFFHQNx1_ASAP7_75t_R)
                                         _00731_ (net)
                 15.20    0.01   34.20 ^ _18939_/A (BUFx4f_ASAP7_75t_R)
     3    7.90   15.26   19.05   53.25 ^ _18939_/Y (BUFx4f_ASAP7_75t_R)
                                         _10618_ (net)
                 15.27    0.07   53.32 ^ _19067_/A (BUFx16f_ASAP7_75t_R)
    10   26.65   18.23   20.25   73.57 ^ _19067_/Y (BUFx16f_ASAP7_75t_R)
                                         _10741_ (net)
                 20.98    3.70   77.27 ^ _19088_/A (BUFx16f_ASAP7_75t_R)
    10   29.02   16.84   20.75   98.02 ^ _19088_/Y (BUFx16f_ASAP7_75t_R)
                                         _10762_ (net)
                 38.59   10.93  108.95 ^ _19691_/A (BUFx16f_ASAP7_75t_R)
    10   25.09   17.82   25.00  133.94 ^ _19691_/Y (BUFx16f_ASAP7_75t_R)
                                         _11356_ (net)
                 18.85    2.18  136.13 ^ _21225_/B (OAI21x1_ASAP7_75t_R)
     4    7.95   42.08   24.56  160.68 v _21225_/Y (OAI21x1_ASAP7_75t_R)
                                         _12861_ (net)
                 42.20    1.26  161.95 v _21257_/A (NAND3x2_ASAP7_75t_R)
     1    2.12   22.06   19.60  181.54 ^ _21257_/Y (NAND3x2_ASAP7_75t_R)
                                         _12891_ (net)
                 22.06    0.02  181.57 ^ _21259_/A (NAND2x2_ASAP7_75t_R)
     8   13.48   40.37   23.62  205.19 v _21259_/Y (NAND2x2_ASAP7_75t_R)
                                         _12893_ (net)
                 40.45    1.08  206.27 v _21260_/A (BUFx10_ASAP7_75t_R)
    12   16.75   16.39   29.87  236.14 v _21260_/Y (BUFx10_ASAP7_75t_R)
                                         _15852_ (net)
                 17.10    1.82  237.96 v _31283_/B (HAxp5_ASAP7_75t_R)
     4    4.78   96.29   76.73  314.69 v _31283_/SN (HAxp5_ASAP7_75t_R)
                                         _00524_ (net)
                 96.29    0.04  314.74 v _21457_/A (INVx1_ASAP7_75t_R)
     3    2.86   38.20   30.83  345.57 ^ _21457_/Y (INVx1_ASAP7_75t_R)
                                         _13088_ (net)
                 38.20    0.02  345.59 ^ _21458_/B (OAI21x1_ASAP7_75t_R)
     7    9.68   52.77   33.89  379.48 v _21458_/Y (OAI21x1_ASAP7_75t_R)
                                         _13089_ (net)
                 52.84    1.09  380.57 v _21459_/A (NAND2x2_ASAP7_75t_R)
     5    6.04   35.51   31.89  412.46 ^ _21459_/Y (NAND2x2_ASAP7_75t_R)
                                         _13090_ (net)
                 35.51    0.04  412.50 ^ _21460_/A (INVx2_ASAP7_75t_R)
     3    3.15   15.86   12.42  424.92 v _21460_/Y (INVx2_ASAP7_75t_R)
                                         _13091_ (net)
                 15.87    0.24  425.16 v _21686_/A2 (AOI21x1_ASAP7_75t_R)
     1    1.20   19.21   11.19  436.35 ^ _21686_/Y (AOI21x1_ASAP7_75t_R)
                                         _13314_ (net)
                 19.21    0.02  436.38 ^ _21687_/A2 (AOI21x1_ASAP7_75t_R)
     1    1.12   13.06    9.14  445.51 v _21687_/Y (AOI21x1_ASAP7_75t_R)
                                         _13315_ (net)
                 13.06    0.01  445.53 v _21693_/B (NAND2x1_ASAP7_75t_R)
     1    1.27   15.02   11.51  457.04 ^ _21693_/Y (NAND2x1_ASAP7_75t_R)
                                         _13321_ (net)
                 15.02    0.01  457.05 ^ _21701_/A1 (AOI21x1_ASAP7_75t_R)
     1    1.52   20.93   10.61  467.66 v _21701_/Y (AOI21x1_ASAP7_75t_R)
                                         _13329_ (net)
                 20.94    0.11  467.77 v _21702_/B (NAND2x1_ASAP7_75t_R)
     1    1.08   13.88   13.21  480.99 ^ _21702_/Y (NAND2x1_ASAP7_75t_R)
                                         _13330_ (net)
                 13.88    0.00  480.99 ^ _21732_/A (NAND2x1_ASAP7_75t_R)
     1    1.35   12.20    9.78  490.77 v _21732_/Y (NAND2x1_ASAP7_75t_R)
                                         _00059_ (net)
                 12.21    0.13  490.91 v sa03_sr[3]$_DFF_P_/D (DFFHQNx2_ASAP7_75t_R)
                                490.91   data arrival time

                  0.00  400.00  400.00   clock clk (rise edge)
                          0.00  400.00   clock network delay (ideal)
                          0.00  400.00   clock reconvergence pessimism
                                400.00 ^ sa03_sr[3]$_DFF_P_/CLK (DFFHQNx2_ASAP7_75t_R)
                         -8.28  391.72   library setup time
                                391.72   data required time
-----------------------------------------------------------------------------
                                391.72   data required time
                               -490.91   data arrival time
-----------------------------------------------------------------------------
                                -99.19   slack (VIOLATED)



==========================================================================
detailed place report_checks -unconstrained
--------------------------------------------------------------------------
Startpoint: ld_r$_DFF_P_ (rising edge-triggered flip-flop clocked by clk)
Endpoint: sa03_sr[3]$_DFF_P_ (rising edge-triggered flip-flop clocked by clk)
Path Group: clk
Path Type: max

Fanout     Cap    Slew   Delay    Time   Description
-----------------------------------------------------------------------------
                  0.00    0.00    0.00   clock clk (rise edge)
                          0.00    0.00   clock network delay (ideal)
                  0.00    0.00    0.00 ^ ld_r$_DFF_P_/CLK (DFFHQNx1_ASAP7_75t_R)
     1    1.15   15.20   34.19   34.19 ^ ld_r$_DFF_P_/QN (DFFHQNx1_ASAP7_75t_R)
                                         _00731_ (net)
                 15.20    0.01   34.20 ^ _18939_/A (BUFx4f_ASAP7_75t_R)
     3    7.90   15.26   19.05   53.25 ^ _18939_/Y (BUFx4f_ASAP7_75t_R)
                                         _10618_ (net)
                 15.27    0.07   53.32 ^ _19067_/A (BUFx16f_ASAP7_75t_R)
    10   26.65   18.23   20.25   73.57 ^ _19067_/Y (BUFx16f_ASAP7_75t_R)
                                         _10741_ (net)
                 20.98    3.70   77.27 ^ _19088_/A (BUFx16f_ASAP7_75t_R)
    10   29.02   16.84   20.75   98.02 ^ _19088_/Y (BUFx16f_ASAP7_75t_R)
                                         _10762_ (net)
                 38.59   10.93  108.95 ^ _19691_/A (BUFx16f_ASAP7_75t_R)
    10   25.09   17.82   25.00  133.94 ^ _19691_/Y (BUFx16f_ASAP7_75t_R)
                                         _11356_ (net)
                 18.85    2.18  136.13 ^ _21225_/B (OAI21x1_ASAP7_75t_R)
     4    7.95   42.08   24.56  160.68 v _21225_/Y (OAI21x1_ASAP7_75t_R)
                                         _12861_ (net)
                 42.20    1.26  161.95 v _21257_/A (NAND3x2_ASAP7_75t_R)
     1    2.12   22.06   19.60  181.54 ^ _21257_/Y (NAND3x2_ASAP7_75t_R)
                                         _12891_ (net)
                 22.06    0.02  181.57 ^ _21259_/A (NAND2x2_ASAP7_75t_R)
     8   13.48   40.37   23.62  205.19 v _21259_/Y (NAND2x2_ASAP7_75t_R)
                                         _12893_ (net)
                 40.45    1.08  206.27 v _21260_/A (BUFx10_ASAP7_75t_R)
    12   16.75   16.39   29.87  236.14 v _21260_/Y (BUFx10_ASAP7_75t_R)
                                         _15852_ (net)
                 17.10    1.82  237.96 v _31283_/B (HAxp5_ASAP7_75t_R)
     4    4.78   96.29   76.73  314.69 v _31283_/SN (HAxp5_ASAP7_75t_R)
                                         _00524_ (net)
                 96.29    0.04  314.74 v _21457_/A (INVx1_ASAP7_75t_R)
     3    2.86   38.20   30.83  345.57 ^ _21457_/Y (INVx1_ASAP7_75t_R)
                                         _13088_ (net)
                 38.20    0.02  345.59 ^ _21458_/B (OAI21x1_ASAP7_75t_R)
     7    9.68   52.77   33.89  379.48 v _21458_/Y (OAI21x1_ASAP7_75t_R)
                                         _13089_ (net)
                 52.84    1.09  380.57 v _21459_/A (NAND2x2_ASAP7_75t_R)
     5    6.04   35.51   31.89  412.46 ^ _21459_/Y (NAND2x2_ASAP7_75t_R)
                                         _13090_ (net)
                 35.51    0.04  412.50 ^ _21460_/A (INVx2_ASAP7_75t_R)
     3    3.15   15.86   12.42  424.92 v _21460_/Y (INVx2_ASAP7_75t_R)
                                         _13091_ (net)
                 15.87    0.24  425.16 v _21686_/A2 (AOI21x1_ASAP7_75t_R)
     1    1.20   19.21   11.19  436.35 ^ _21686_/Y (AOI21x1_ASAP7_75t_R)
                                         _13314_ (net)
                 19.21    0.02  436.38 ^ _21687_/A2 (AOI21x1_ASAP7_75t_R)
     1    1.12   13.06    9.14  445.51 v _21687_/Y (AOI21x1_ASAP7_75t_R)
                                         _13315_ (net)
                 13.06    0.01  445.53 v _21693_/B (NAND2x1_ASAP7_75t_R)
     1    1.27   15.02   11.51  457.04 ^ _21693_/Y (NAND2x1_ASAP7_75t_R)
                                         _13321_ (net)
                 15.02    0.01  457.05 ^ _21701_/A1 (AOI21x1_ASAP7_75t_R)
     1    1.52   20.93   10.61  467.66 v _21701_/Y (AOI21x1_ASAP7_75t_R)
                                         _13329_ (net)
                 20.94    0.11  467.77 v _21702_/B (NAND2x1_ASAP7_75t_R)
     1    1.08   13.88   13.21  480.99 ^ _21702_/Y (NAND2x1_ASAP7_75t_R)
                                         _13330_ (net)
                 13.88    0.00  480.99 ^ _21732_/A (NAND2x1_ASAP7_75t_R)
     1    1.35   12.20    9.78  490.77 v _21732_/Y (NAND2x1_ASAP7_75t_R)
                                         _00059_ (net)
                 12.21    0.13  490.91 v sa03_sr[3]$_DFF_P_/D (DFFHQNx2_ASAP7_75t_R)
                                490.91   data arrival time

                  0.00  400.00  400.00   clock clk (rise edge)
                          0.00  400.00   clock network delay (ideal)
                          0.00  400.00   clock reconvergence pessimism
                                400.00 ^ sa03_sr[3]$_DFF_P_/CLK (DFFHQNx2_ASAP7_75t_R)
                         -8.28  391.72   library setup time
                                391.72   data required time
-----------------------------------------------------------------------------
                                391.72   data required time
                               -490.91   data arrival time
-----------------------------------------------------------------------------
                                -99.19   slack (VIOLATED)



==========================================================================
detailed place report_check_types -max_slew -max_cap -max_fanout -violators
--------------------------------------------------------------------------

==========================================================================
detailed place max_slew_check_slack
--------------------------------------------------------------------------
170.8918914794922

==========================================================================
detailed place max_slew_check_limit
--------------------------------------------------------------------------
320.0

==========================================================================
detailed place max_slew_check_slack_limit
--------------------------------------------------------------------------
0.5340

==========================================================================
detailed place max_fanout_check_slack
--------------------------------------------------------------------------
1.0000000150474662e+30

==========================================================================
detailed place max_fanout_check_limit
--------------------------------------------------------------------------
1.0000000150474662e+30

==========================================================================
detailed place max_capacitance_check_slack
--------------------------------------------------------------------------
0.28480637073516846

==========================================================================
detailed place max_capacitance_check_limit
--------------------------------------------------------------------------
23.040000915527344

==========================================================================
detailed place max_capacitance_check_slack_limit
--------------------------------------------------------------------------
0.0124

==========================================================================
detailed place max_slew_violation_count
--------------------------------------------------------------------------
max slew violation count 0

==========================================================================
detailed place max_fanout_violation_count
--------------------------------------------------------------------------
max fanout violation count 0

==========================================================================
detailed place max_cap_violation_count
--------------------------------------------------------------------------
max cap violation count 0

==========================================================================
detailed place setup_violation_count
--------------------------------------------------------------------------
setup violation count 160

==========================================================================
detailed place hold_violation_count
--------------------------------------------------------------------------
hold violation count 0

==========================================================================
detailed place report_checks -path_delay max reg to reg
--------------------------------------------------------------------------
Startpoint: ld_r$_DFF_P_ (rising edge-triggered flip-flop clocked by clk)
Endpoint: sa03_sr[3]$_DFF_P_ (rising edge-triggered flip-flop clocked by clk)
Path Group: clk
Path Type: max

  Delay    Time   Description
---------------------------------------------------------
   0.00    0.00   clock clk (rise edge)
   0.00    0.00   clock network delay (ideal)
   0.00    0.00 ^ ld_r$_DFF_P_/CLK (DFFHQNx1_ASAP7_75t_R)
  34.19   34.19 ^ ld_r$_DFF_P_/QN (DFFHQNx1_ASAP7_75t_R)
  19.06   53.25 ^ _18939_/Y (BUFx4f_ASAP7_75t_R)
  20.32   73.57 ^ _19067_/Y (BUFx16f_ASAP7_75t_R)
  24.45   98.02 ^ _19088_/Y (BUFx16f_ASAP7_75t_R)
  35.93  133.94 ^ _19691_/Y (BUFx16f_ASAP7_75t_R)
  26.74  160.68 v _21225_/Y (OAI21x1_ASAP7_75t_R)
  20.86  181.54 ^ _21257_/Y (NAND3x2_ASAP7_75t_R)
  23.64  205.19 v _21259_/Y (NAND2x2_ASAP7_75t_R)
  30.95  236.14 v _21260_/Y (BUFx10_ASAP7_75t_R)
  78.55  314.69 v _31283_/SN (HAxp5_ASAP7_75t_R)
  30.87  345.57 ^ _21457_/Y (INVx1_ASAP7_75t_R)
  33.91  379.48 v _21458_/Y (OAI21x1_ASAP7_75t_R)
  32.98  412.46 ^ _21459_/Y (NAND2x2_ASAP7_75t_R)
  12.46  424.92 v _21460_/Y (INVx2_ASAP7_75t_R)
  11.44  436.35 ^ _21686_/Y (AOI21x1_ASAP7_75t_R)
   9.16  445.51 v _21687_/Y (AOI21x1_ASAP7_75t_R)
  11.52  457.04 ^ _21693_/Y (NAND2x1_ASAP7_75t_R)
  10.63  467.66 v _21701_/Y (AOI21x1_ASAP7_75t_R)
  13.32  480.99 ^ _21702_/Y (NAND2x1_ASAP7_75t_R)
   9.79  490.77 v _21732_/Y (NAND2x1_ASAP7_75t_R)
   0.13  490.91 v sa03_sr[3]$_DFF_P_/D (DFFHQNx2_ASAP7_75t_R)
         490.91   data arrival time

 400.00  400.00   clock clk (rise edge)
   0.00  400.00   clock network delay (ideal)
   0.00  400.00   clock reconvergence pessimism
         400.00 ^ sa03_sr[3]$_DFF_P_/CLK (DFFHQNx2_ASAP7_75t_R)
  -8.28  391.72   library setup time
         391.72   data required time
---------------------------------------------------------
         391.72   data required time
        -490.91   data arrival time
---------------------------------------------------------
         -99.19   slack (VIOLATED)



==========================================================================
detailed place report_checks -path_delay min reg to reg
--------------------------------------------------------------------------
Startpoint: u0.w[1][13]$_DFF_P_ (rising edge-triggered flip-flop clocked by clk)
Endpoint: text_out[77]$_DFF_P_ (rising edge-triggered flip-flop clocked by clk)
Path Group: clk
Path Type: min

  Delay    Time   Description
---------------------------------------------------------
   0.00    0.00   clock clk (rise edge)
   0.00    0.00   clock network delay (ideal)
   0.00    0.00 ^ u0.w[1][13]$_DFF_P_/CLK (DFFHQNx2_ASAP7_75t_R)
  40.33   40.33 ^ u0.w[1][13]$_DFF_P_/QN (DFFHQNx2_ASAP7_75t_R)
  10.44   50.77 v _30685_/Y (XOR2x1_ASAP7_75t_R)
   0.02   50.78 v text_out[77]$_DFF_P_/D (DFFHQNx2_ASAP7_75t_R)
          50.78   data arrival time

   0.00    0.00   clock clk (rise edge)
   0.00    0.00   clock network delay (ideal)
   0.00    0.00   clock reconvergence pessimism
           0.00 ^ text_out[77]$_DFF_P_/CLK (DFFHQNx2_ASAP7_75t_R)
   6.91    6.91   library hold time
           6.91   data required time
---------------------------------------------------------
           6.91   data required time
         -50.78   data arrival time
---------------------------------------------------------
          43.87   slack (MET)



==========================================================================
detailed place critical path target clock latency max path
--------------------------------------------------------------------------
0.0000

==========================================================================
detailed place critical path target clock latency min path
--------------------------------------------------------------------------
0.0000

==========================================================================
detailed place critical path source clock latency min path
--------------------------------------------------------------------------
0.0000

==========================================================================
detailed place critical path delay
--------------------------------------------------------------------------
490.9078

==========================================================================
detailed place critical path slack
--------------------------------------------------------------------------
-99.1889

==========================================================================
detailed place slack div critical path delay
--------------------------------------------------------------------------
-20.205199

==========================================================================
detailed place report_power
--------------------------------------------------------------------------
Group                  Internal  Switching    Leakage      Total
                          Power      Power      Power      Power (Watts)
----------------------------------------------------------------
Sequential             4.84e-03   1.20e-03   1.06e-07   6.04e-03   4.3%
Combinational          5.13e-02   8.20e-02   1.24e-06   1.33e-01  95.7%
Clock                  0.00e+00   0.00e+00   0.00e+00   0.00e+00   0.0%
Macro                  0.00e+00   0.00e+00   0.00e+00   0.00e+00   0.0%
Pad                    0.00e+00   0.00e+00   0.00e+00   0.00e+00   0.0%
----------------------------------------------------------------
Total                  5.62e-02   8.32e-02   1.35e-06   1.39e-01 100.0%
                          40.3%      59.7%       0.0%
