
==========================================================================
resizer report_tns
--------------------------------------------------------------------------
tns -9834.55

==========================================================================
resizer report_wns
--------------------------------------------------------------------------
wns -94.67

==========================================================================
resizer report_worst_slack
--------------------------------------------------------------------------
worst slack -94.67

==========================================================================
resizer report_checks -path_delay min
--------------------------------------------------------------------------
Startpoint: u0.w[1][13]$_DFF_P_ (rising edge-triggered flip-flop clocked by clk)
Endpoint: text_out[77]$_DFF_P_ (rising edge-triggered flip-flop clocked by clk)
Path Group: clk
Path Type: min

Fanout     Cap    Slew   Delay    Time   Description
-----------------------------------------------------------------------------
                  0.00    0.00    0.00   clock clk (rise edge)
                          0.00    0.00   clock network delay (ideal)
                  0.00    0.00    0.00 ^ u0.w[1][13]$_DFF_P_/CLK (DFFHQNx2_ASAP7_75t_R)
     2    2.44   18.51   40.47   40.47 ^ u0.w[1][13]$_DFF_P_/QN (DFFHQNx2_ASAP7_75t_R)
                                         _01031_ (net)
                 18.51    0.06   40.53 ^ _30685_/B (XOR2x1_ASAP7_75t_R)
     1    0.64    7.65   10.29   50.81 v _30685_/Y (XOR2x1_ASAP7_75t_R)
                                         _00262_ (net)
                  7.65    0.01   50.82 v text_out[77]$_DFF_P_/D (DFFHQNx2_ASAP7_75t_R)
                                 50.82   data arrival time

                  0.00    0.00    0.00   clock clk (rise edge)
                          0.00    0.00   clock network delay (ideal)
                          0.00    0.00   clock reconvergence pessimism
                                  0.00 ^ text_out[77]$_DFF_P_/CLK (DFFHQNx2_ASAP7_75t_R)
                          6.93    6.93   library hold time
                                  6.93   data required time
-----------------------------------------------------------------------------
                                  6.93   data required time
                                -50.82   data arrival time
-----------------------------------------------------------------------------
                                 43.89   slack (MET)



==========================================================================
resizer report_checks -path_delay max
--------------------------------------------------------------------------
Startpoint: ld_r$_DFF_P_ (rising edge-triggered flip-flop clocked by clk)
Endpoint: sa22_sr[2]$_DFF_P_ (rising edge-triggered flip-flop clocked by clk)
Path Group: clk
Path Type: max

Fanout     Cap    Slew   Delay    Time   Description
-----------------------------------------------------------------------------
                  0.00    0.00    0.00   clock clk (rise edge)
                          0.00    0.00   clock network delay (ideal)
                  0.00    0.00    0.00 ^ ld_r$_DFF_P_/CLK (DFFHQNx1_ASAP7_75t_R)
     1    1.10   15.15   33.97   33.97 ^ ld_r$_DFF_P_/QN (DFFHQNx1_ASAP7_75t_R)
                                         _00731_ (net)
                 15.15    0.00   33.98 ^ _18939_/A (BUFx4f_ASAP7_75t_R)
     3    7.86   15.20   19.01   52.98 ^ _18939_/Y (BUFx4f_ASAP7_75t_R)
                                         _10618_ (net)
                 15.20    0.07   53.05 ^ _19067_/A (BUFx16f_ASAP7_75t_R)
    10   25.69   17.70   19.74   72.79 ^ _19067_/Y (BUFx16f_ASAP7_75t_R)
                                         _10741_ (net)
                 22.19    4.62   77.41 ^ _19088_/A (BUFx16f_ASAP7_75t_R)
    10   29.04   16.96   21.02   98.42 ^ _19088_/Y (BUFx16f_ASAP7_75t_R)
                                         _10762_ (net)
                 39.01   11.09  109.51 ^ _19089_/A (BUFx12f_ASAP7_75t_R)
    10   21.82   18.66   22.44  131.95 ^ _19089_/Y (BUFx12f_ASAP7_75t_R)
                                         _10763_ (net)
                 24.33    5.36  137.31 ^ _24977_/B (OAI21x1_ASAP7_75t_R)
     1    2.53   19.28   15.09  152.40 v _24977_/Y (OAI21x1_ASAP7_75t_R)
                                         _02241_ (net)
                 19.33    0.49  152.89 v _24978_/B (NAND2x1_ASAP7_75t_R)
     2    2.38   22.01   17.31  170.21 ^ _24978_/Y (NAND2x1_ASAP7_75t_R)
                                         _02242_ (net)
                 22.02    0.18  170.39 ^ _25013_/A (XOR2x2_ASAP7_75t_R)
     4    8.10   30.26   34.99  205.38 v _25013_/Y (XOR2x2_ASAP7_75t_R)
                                         _02273_ (net)
                 30.61    1.81  207.19 v _25106_/A (BUFx12_ASAP7_75t_R)
    13   19.40   16.80   29.40  236.59 v _25106_/Y (BUFx12_ASAP7_75t_R)
                                         _15937_ (net)
                 16.85    0.53  237.12 v _31348_/B (HAxp5_ASAP7_75t_R)
     4    5.01  101.01   79.30  316.42 v _31348_/SN (HAxp5_ASAP7_75t_R)
                                         _00574_ (net)
                101.01    0.20  316.62 v _25186_/B (AOI21x1_ASAP7_75t_R)
     8   11.52   88.11   63.47  380.09 ^ _25186_/Y (AOI21x1_ASAP7_75t_R)
                                         _02445_ (net)
                 88.12    0.25  380.34 ^ _25360_/B (NOR2x1_ASAP7_75t_R)
     2    1.83   28.45   25.26  405.60 v _25360_/Y (NOR2x1_ASAP7_75t_R)
                                         _02617_ (net)
                 28.45    0.01  405.60 v _25361_/A (AND2x2_ASAP7_75t_R)
     1    1.32    8.16   24.64  430.24 v _25361_/Y (AND2x2_ASAP7_75t_R)
                                         _02618_ (net)
                  8.16    0.02  430.27 v _25364_/A1 (OAI21x1_ASAP7_75t_R)
     1    1.15   15.40    9.71  439.97 ^ _25364_/Y (OAI21x1_ASAP7_75t_R)
                                         _02621_ (net)
                 15.40    0.02  439.99 ^ _25369_/A (NAND2x1_ASAP7_75t_R)
     1    1.25   10.25    9.81  449.80 v _25369_/Y (NAND2x1_ASAP7_75t_R)
                                         _02626_ (net)
                 10.25    0.05  449.85 v _25378_/A (NAND2x1_ASAP7_75t_R)
     1    1.39   15.29   12.64  462.49 ^ _25378_/Y (NAND2x1_ASAP7_75t_R)
                                         _02635_ (net)
                 15.29    0.07  462.57 ^ _25379_/B (NAND2x1_ASAP7_75t_R)
     1    1.65   13.27   10.79  473.36 v _25379_/Y (NAND2x1_ASAP7_75t_R)
                                         _02636_ (net)
                 13.27    0.08  473.44 v _25380_/B (OAI21x1_ASAP7_75t_R)
     1    0.68   11.60    6.26  479.69 ^ _25380_/Y (OAI21x1_ASAP7_75t_R)
                                         _00098_ (net)
                 11.60    0.01  479.70 ^ sa22_sr[2]$_DFF_P_/D (DFFHQNx2_ASAP7_75t_R)
                                479.70   data arrival time

                  0.00  400.00  400.00   clock clk (rise edge)
                          0.00  400.00   clock network delay (ideal)
                          0.00  400.00   clock reconvergence pessimism
                                400.00 ^ sa22_sr[2]$_DFF_P_/CLK (DFFHQNx2_ASAP7_75t_R)
                        -14.97  385.03   library setup time
                                385.03   data required time
-----------------------------------------------------------------------------
                                385.03   data required time
                               -479.70   data arrival time
-----------------------------------------------------------------------------
                                -94.67   slack (VIOLATED)



==========================================================================
resizer report_checks -unconstrained
--------------------------------------------------------------------------
Startpoint: ld_r$_DFF_P_ (rising edge-triggered flip-flop clocked by clk)
Endpoint: sa22_sr[2]$_DFF_P_ (rising edge-triggered flip-flop clocked by clk)
Path Group: clk
Path Type: max

Fanout     Cap    Slew   Delay    Time   Description
-----------------------------------------------------------------------------
                  0.00    0.00    0.00   clock clk (rise edge)
                          0.00    0.00   clock network delay (ideal)
                  0.00    0.00    0.00 ^ ld_r$_DFF_P_/CLK (DFFHQNx1_ASAP7_75t_R)
     1    1.10   15.15   33.97   33.97 ^ ld_r$_DFF_P_/QN (DFFHQNx1_ASAP7_75t_R)
                                         _00731_ (net)
                 15.15    0.00   33.98 ^ _18939_/A (BUFx4f_ASAP7_75t_R)
     3    7.86   15.20   19.01   52.98 ^ _18939_/Y (BUFx4f_ASAP7_75t_R)
                                         _10618_ (net)
                 15.20    0.07   53.05 ^ _19067_/A (BUFx16f_ASAP7_75t_R)
    10   25.69   17.70   19.74   72.79 ^ _19067_/Y (BUFx16f_ASAP7_75t_R)
                                         _10741_ (net)
                 22.19    4.62   77.41 ^ _19088_/A (BUFx16f_ASAP7_75t_R)
    10   29.04   16.96   21.02   98.42 ^ _19088_/Y (BUFx16f_ASAP7_75t_R)
                                         _10762_ (net)
                 39.01   11.09  109.51 ^ _19089_/A (BUFx12f_ASAP7_75t_R)
    10   21.82   18.66   22.44  131.95 ^ _19089_/Y (BUFx12f_ASAP7_75t_R)
                                         _10763_ (net)
                 24.33    5.36  137.31 ^ _24977_/B (OAI21x1_ASAP7_75t_R)
     1    2.53   19.28   15.09  152.40 v _24977_/Y (OAI21x1_ASAP7_75t_R)
                                         _02241_ (net)
                 19.33    0.49  152.89 v _24978_/B (NAND2x1_ASAP7_75t_R)
     2    2.38   22.01   17.31  170.21 ^ _24978_/Y (NAND2x1_ASAP7_75t_R)
                                         _02242_ (net)
                 22.02    0.18  170.39 ^ _25013_/A (XOR2x2_ASAP7_75t_R)
     4    8.10   30.26   34.99  205.38 v _25013_/Y (XOR2x2_ASAP7_75t_R)
                                         _02273_ (net)
                 30.61    1.81  207.19 v _25106_/A (BUFx12_ASAP7_75t_R)
    13   19.40   16.80   29.40  236.59 v _25106_/Y (BUFx12_ASAP7_75t_R)
                                         _15937_ (net)
                 16.85    0.53  237.12 v _31348_/B (HAxp5_ASAP7_75t_R)
     4    5.01  101.01   79.30  316.42 v _31348_/SN (HAxp5_ASAP7_75t_R)
                                         _00574_ (net)
                101.01    0.20  316.62 v _25186_/B (AOI21x1_ASAP7_75t_R)
     8   11.52   88.11   63.47  380.09 ^ _25186_/Y (AOI21x1_ASAP7_75t_R)
                                         _02445_ (net)
                 88.12    0.25  380.34 ^ _25360_/B (NOR2x1_ASAP7_75t_R)
     2    1.83   28.45   25.26  405.60 v _25360_/Y (NOR2x1_ASAP7_75t_R)
                                         _02617_ (net)
                 28.45    0.01  405.60 v _25361_/A (AND2x2_ASAP7_75t_R)
     1    1.32    8.16   24.64  430.24 v _25361_/Y (AND2x2_ASAP7_75t_R)
                                         _02618_ (net)
                  8.16    0.02  430.27 v _25364_/A1 (OAI21x1_ASAP7_75t_R)
     1    1.15   15.40    9.71  439.97 ^ _25364_/Y (OAI21x1_ASAP7_75t_R)
                                         _02621_ (net)
                 15.40    0.02  439.99 ^ _25369_/A (NAND2x1_ASAP7_75t_R)
     1    1.25   10.25    9.81  449.80 v _25369_/Y (NAND2x1_ASAP7_75t_R)
                                         _02626_ (net)
                 10.25    0.05  449.85 v _25378_/A (NAND2x1_ASAP7_75t_R)
     1    1.39   15.29   12.64  462.49 ^ _25378_/Y (NAND2x1_ASAP7_75t_R)
                                         _02635_ (net)
                 15.29    0.07  462.57 ^ _25379_/B (NAND2x1_ASAP7_75t_R)
     1    1.65   13.27   10.79  473.36 v _25379_/Y (NAND2x1_ASAP7_75t_R)
                                         _02636_ (net)
                 13.27    0.08  473.44 v _25380_/B (OAI21x1_ASAP7_75t_R)
     1    0.68   11.60    6.26  479.69 ^ _25380_/Y (OAI21x1_ASAP7_75t_R)
                                         _00098_ (net)
                 11.60    0.01  479.70 ^ sa22_sr[2]$_DFF_P_/D (DFFHQNx2_ASAP7_75t_R)
                                479.70   data arrival time

                  0.00  400.00  400.00   clock clk (rise edge)
                          0.00  400.00   clock network delay (ideal)
                          0.00  400.00   clock reconvergence pessimism
                                400.00 ^ sa22_sr[2]$_DFF_P_/CLK (DFFHQNx2_ASAP7_75t_R)
                        -14.97  385.03   library setup time
                                385.03   data required time
-----------------------------------------------------------------------------
                                385.03   data required time
                               -479.70   data arrival time
-----------------------------------------------------------------------------
                                -94.67   slack (VIOLATED)



==========================================================================
resizer report_check_types -max_slew -max_cap -max_fanout -violators
--------------------------------------------------------------------------

==========================================================================
resizer max_slew_check_slack
--------------------------------------------------------------------------
169.567138671875

==========================================================================
resizer max_slew_check_limit
--------------------------------------------------------------------------
320.0

==========================================================================
resizer max_slew_check_slack_limit
--------------------------------------------------------------------------
0.5299

==========================================================================
resizer max_fanout_check_slack
--------------------------------------------------------------------------
1.0000000150474662e+30

==========================================================================
resizer max_fanout_check_limit
--------------------------------------------------------------------------
1.0000000150474662e+30

==========================================================================
resizer max_capacitance_check_slack
--------------------------------------------------------------------------
0.620675265789032

==========================================================================
resizer max_capacitance_check_limit
--------------------------------------------------------------------------
23.040000915527344

==========================================================================
resizer max_capacitance_check_slack_limit
--------------------------------------------------------------------------
0.0269

==========================================================================
resizer max_slew_violation_count
--------------------------------------------------------------------------
max slew violation count 0

==========================================================================
resizer max_fanout_violation_count
--------------------------------------------------------------------------
max fanout violation count 0

==========================================================================
resizer max_cap_violation_count
--------------------------------------------------------------------------
max cap violation count 0

==========================================================================
resizer setup_violation_count
--------------------------------------------------------------------------
setup violation count 160

==========================================================================
resizer hold_violation_count
--------------------------------------------------------------------------
hold violation count 0

==========================================================================
resizer report_checks -path_delay max reg to reg
--------------------------------------------------------------------------
Startpoint: ld_r$_DFF_P_ (rising edge-triggered flip-flop clocked by clk)
Endpoint: sa22_sr[2]$_DFF_P_ (rising edge-triggered flip-flop clocked by clk)
Path Group: clk
Path Type: max

  Delay    Time   Description
---------------------------------------------------------
   0.00    0.00   clock clk (rise edge)
   0.00    0.00   clock network delay (ideal)
   0.00    0.00 ^ ld_r$_DFF_P_/CLK (DFFHQNx1_ASAP7_75t_R)
  33.97   33.97 ^ ld_r$_DFF_P_/QN (DFFHQNx1_ASAP7_75t_R)
  19.01   52.98 ^ _18939_/Y (BUFx4f_ASAP7_75t_R)
  19.81   72.79 ^ _19067_/Y (BUFx16f_ASAP7_75t_R)
  25.63   98.42 ^ _19088_/Y (BUFx16f_ASAP7_75t_R)
  33.53  131.95 ^ _19089_/Y (BUFx12f_ASAP7_75t_R)
  20.45  152.40 v _24977_/Y (OAI21x1_ASAP7_75t_R)
  17.81  170.21 ^ _24978_/Y (NAND2x1_ASAP7_75t_R)
  35.17  205.38 v _25013_/Y (XOR2x2_ASAP7_75t_R)
  31.21  236.59 v _25106_/Y (BUFx12_ASAP7_75t_R)
  79.83  316.42 v _31348_/SN (HAxp5_ASAP7_75t_R)
  63.67  380.09 ^ _25186_/Y (AOI21x1_ASAP7_75t_R)
  25.51  405.60 v _25360_/Y (NOR2x1_ASAP7_75t_R)
  24.65  430.24 v _25361_/Y (AND2x2_ASAP7_75t_R)
   9.73  439.97 ^ _25364_/Y (OAI21x1_ASAP7_75t_R)
   9.83  449.80 v _25369_/Y (NAND2x1_ASAP7_75t_R)
  12.69  462.49 ^ _25378_/Y (NAND2x1_ASAP7_75t_R)
  10.87  473.36 v _25379_/Y (NAND2x1_ASAP7_75t_R)
   6.33  479.69 ^ _25380_/Y (OAI21x1_ASAP7_75t_R)
   0.01  479.70 ^ sa22_sr[2]$_DFF_P_/D (DFFHQNx2_ASAP7_75t_R)
         479.70   data arrival time

 400.00  400.00   clock clk (rise edge)
   0.00  400.00   clock network delay (ideal)
   0.00  400.00   clock reconvergence pessimism
         400.00 ^ sa22_sr[2]$_DFF_P_/CLK (DFFHQNx2_ASAP7_75t_R)
 -14.97  385.03   library setup time
         385.03   data required time
---------------------------------------------------------
         385.03   data required time
        -479.70   data arrival time
---------------------------------------------------------
         -94.67   slack (VIOLATED)



==========================================================================
resizer report_checks -path_delay min reg to reg
--------------------------------------------------------------------------
Startpoint: u0.w[1][13]$_DFF_P_ (rising edge-triggered flip-flop clocked by clk)
Endpoint: text_out[77]$_DFF_P_ (rising edge-triggered flip-flop clocked by clk)
Path Group: clk
Path Type: min

  Delay    Time   Description
---------------------------------------------------------
   0.00    0.00   clock clk (rise edge)
   0.00    0.00   clock network delay (ideal)
   0.00    0.00 ^ u0.w[1][13]$_DFF_P_/CLK (DFFHQNx2_ASAP7_75t_R)
  40.47   40.47 ^ u0.w[1][13]$_DFF_P_/QN (DFFHQNx2_ASAP7_75t_R)
  10.34   50.81 v _30685_/Y (XOR2x1_ASAP7_75t_R)
   0.01   50.82 v text_out[77]$_DFF_P_/D (DFFHQNx2_ASAP7_75t_R)
          50.82   data arrival time

   0.00    0.00   clock clk (rise edge)
   0.00    0.00   clock network delay (ideal)
   0.00    0.00   clock reconvergence pessimism
           0.00 ^ text_out[77]$_DFF_P_/CLK (DFFHQNx2_ASAP7_75t_R)
   6.93    6.93   library hold time
           6.93   data required time
---------------------------------------------------------
           6.93   data required time
         -50.82   data arrival time
---------------------------------------------------------
          43.89   slack (MET)



==========================================================================
resizer critical path target clock latency max path
--------------------------------------------------------------------------
0.0000

==========================================================================
resizer critical path target clock latency min path
--------------------------------------------------------------------------
0.0000

==========================================================================
resizer critical path source clock latency min path
--------------------------------------------------------------------------
0.0000

==========================================================================
resizer critical path delay
--------------------------------------------------------------------------
479.6992

==========================================================================
resizer critical path slack
--------------------------------------------------------------------------
-94.6676

==========================================================================
resizer slack div critical path delay
--------------------------------------------------------------------------
-19.734784

==========================================================================
resizer report_power
--------------------------------------------------------------------------
Group                  Internal  Switching    Leakage      Total
                          Power      Power      Power      Power (Watts)
----------------------------------------------------------------
Sequential             4.84e-03   1.20e-03   1.06e-07   6.04e-03   4.3%
Combinational          5.13e-02   8.21e-02   1.24e-06   1.33e-01  95.7%
Clock                  0.00e+00   0.00e+00   0.00e+00   0.00e+00   0.0%
Macro                  0.00e+00   0.00e+00   0.00e+00   0.00e+00   0.0%
Pad                    0.00e+00   0.00e+00   0.00e+00   0.00e+00   0.0%
----------------------------------------------------------------
Total                  5.61e-02   8.33e-02   1.35e-06   1.39e-01 100.0%
                          40.3%      59.7%       0.0%
